in_source: |-
  var sum_of_squares
  var square_of_sum

  : sum_sq
      0
      swap
      begin
          dup 0 != if
              swap
              over dup * +
              swap -1 +
              1
          else
              0
          then
      until
      drop
  ;

  : sum
      0
      swap
      begin
          dup 0 != if
              swap
              over +
              swap -1 +
              1
          else
              0
          then
      until
      drop
  ;

  sum_of_squares 0 store
  square_of_sum 0 store

  100 sum dup *
  100 sum_sq
  -

  print

in_stdin: |

out_instructions: !!binary |
  AAAAAAAAECIAAAAB///9ogAAAAIAAA0PAAAAAwAAACIAAAAE///9ogAAAAUAAA0PAAAABgAABSEA
  AAAHAAANogAAAAgAAAVBAAAACQAADaIAAAAKAAAKDwAAAAsAABgiAAAADP///aIAAAANAAANDwAA
  AA4AAAAiAAAAD////aIAAAAQAAANDwAAABEAAAUhAAAAEgAADaIAAAATAAAFQQAAABQAAA2iAAAA
  FQAACg8AAAAWAAMgIgAAABf///2iAAAAGAAADQ8AAAAZAAAAIgAAABr///2iAAAAGwAADQ8AAAAc
  AAAFIQAAAB0AAA2iAAAAHgAABUEAAAAfAAANogAAACD///2iAAAAIQAADQ8AAAAi///9ogAAACMA
  ABUPAAAAJAAABSEAAAAl///9ogAAACYAAA0PAAAAJwAAACIAAAAo///9ogAAACkAAA0PAAAAKgAA
  BSEAAAArAAANogAAACwAAAVBAAAALQAADaIAAAAuAAARcQAAAC8AAACCAAAAMAAAAFQAAAAxAAAI
  ggAAADL///2iAAAAMwAAJQ8AAAA0AAAFIQAAADUAAA2iAAAANgABQTAAAAA3AAAFIQAAADgAAA2i
  AAAAOQAABUEAAAA6AAANogAAADv///2iAAAAPAAADQ8AAAA9///9ogAAAD4AABUPAAAAPwAADSEA
  AABA///9ogAAAEEAAA0PAAAAQgAABSEAAABDAAANogAAAEQAAAVBAAAARQAADaIAAABGAAAKIwAA
  AEf///2iAAAASAAADQ8AAABJAAAFIQAAAEoAAA2iAAAASwAABUEAAABMAAANogAAAE3///2iAAAA
  TgAADQ8AAABP///9ogAAAFAAABUPAAAAUf//+CIAAABS///9ogAAAFMAAA0PAAAAVAAABSEAAABV
  AAANogAAAFYAAAVBAAAAVwAADaIAAABYAAAKIwAAAFn///2iAAAAWgAADQ8AAABbAAAIIgAAAFz/
  //2iAAAAXQAADQ8AAABeAAAAlAAAAF8AAAAiAAAAYP///aIAAABhAAANDwAAAGIAAAUhAAAAYwAA
  DaIAAABk//4BEQAAAGUAAA2iAAAAZgAABSEAAABn///9ogAAAGgAAA0PAAAAaQAABSEAAABqAAAN
  ogAAAGsAAAVBAAAAbAAADaIAAABtAAAKJgAAAG7///2iAAAAbwAADQ8AAABwAAMgIgAAAHH///2i
  AAAAcgAADQ8AAABzAAAAIgAAAHT///2iAAAAdQAADQ8AAAB2AAAFIQAAAHcAAA2iAAAAeAAABUEA
  AAB5AAANogAAAHr///2iAAAAewAADQ8AAAB8///9ogAAAH0AABUPAAAAfgAABSEAAAB////9ogAA
  AIAAAA0PAAAAgQAAACIAAACC///9ogAAAIMAAA0PAAAAhAAABSEAAACFAAANogAAAIYAAAVBAAAA
  hwAADaIAAACIAAARcQAAAIkAAACCAAAAigAAAFQAAACLAAAIggAAAIz///2iAAAAjQAAJQ8AAACO
  AAAFIQAAAI8AAA2iAAAAkAABgXAAAACRAAAFIQAAAJIAAA2iAAAAkwAABUEAAACUAAANogAAAJX/
  //2iAAAAlgAADQ8AAACX///9ogAAAJgAABUPAAAAmQAADSEAAACa///9ogAAAJsAAA0PAAAAnAAA
  BSEAAACd///9ogAAAJ4AAA0PAAAAnwAABSEAAACgAAANogAAAKEAAAVBAAAAogAADaIAAACjAAAK
  JgAAAKT///2iAAAApQAADQ8AAACmAAAFIQAAAKcAAA2iAAAAqAAABUEAAACpAAANogAAAKoAAAoj
  AAAAq////aIAAACsAAANDwAAAK0AAAUhAAAArgAADaIAAACvAAAFQQAAALAAAA2iAAAAsf///aIA
  AACyAAANDwAAALP///2iAAAAtAAAFQ8AAAC1///4IgAAALb///2iAAAAtwAADQ8AAAC4AAAFIQAA
  ALkAAA2iAAAAugAABUEAAAC7AAANogAAALwAAAojAAAAvf///aIAAAC+AAANDwAAAL8AAAgiAAAA
  wP///aIAAADBAAANDwAAAMIAAACUAAAAwwAAACIAAADE///9ogAAAMUAAA0PAAAAxgAABSEAAADH
  AAANogAAAMj//YHRAAAAyQAADaIAAADKAAAFIQAAAMsAAA2iAAAAzAAABUEAAADNAAANogAAAM4A
  AAolAAAAz////aIAAADQAAANDwAAANEAAAUhAAAA0gAADaIAAADTAAAIQgAAANQAAAoPAAAA1QAA
  ABY=

out_stdout: |
  source LoC: 43 code instr: 214
  ============================================================
  output_buffer_str:
  ï¿½
  output_buffer_num:
  [25164150]

out_log: |-
  DEBUG   machine:simulation    STATE: NORMAL	TICK:   0 PC:   0/0 ADDR:   0 MEM_OUT:   0 T0:   0 T1:   0 T2:   0 T3:   0 SP: 1000 	addi t0, zero, 2
  DEBUG   machine:simulation    STATE: NORMAL	TICK:   1 PC:   1/0 ADDR:   0 MEM_OUT:   0 T0:   2 T1:   0 T2:   0 T3:   0 SP: 1000 	addi sp, sp, -1
  DEBUG   machine:simulation    STATE: NORMAL	TICK:   2 PC:   2/0 ADDR:   0 MEM_OUT:   0 T0:   2 T1:   0 T2:   0 T3:   0 SP: 999 	sw sp, t0, 0
  DEBUG   machine:simulation    STATE: NORMAL	TICK:   3 PC:   2/1 ADDR: 999 MEM_OUT:   0 T0:   2 T1:   0 T2:   0 T3:   0 SP: 999 	sw sp, t0, 0
  DEBUG   machine:simulation    STATE: NORMAL	TICK:   4 PC:   3/0 ADDR: 999 MEM_OUT:   2 T0:   2 T1:   0 T2:   0 T3:   0 SP: 999 	addi t0, zero, 0
  DEBUG   machine:simulation    STATE: NORMAL	TICK:   5 PC:   4/0 ADDR: 999 MEM_OUT:   2 T0:   0 T1:   0 T2:   0 T3:   0 SP: 999 	addi sp, sp, -1
  DEBUG   machine:simulation    STATE: NORMAL	TICK:   6 PC:   5/0 ADDR: 999 MEM_OUT:   2 T0:   0 T1:   0 T2:   0 T3:   0 SP: 998 	sw sp, t0, 0
  DEBUG   machine:simulation    STATE: NORMAL	TICK:   7 PC:   5/1 ADDR: 998 MEM_OUT:   0 T0:   0 T1:   0 T2:   0 T3:   0 SP: 998 	sw sp, t0, 0
  DEBUG   machine:simulation    STATE: NORMAL	TICK:   8 PC:   6/0 ADDR: 998 MEM_OUT:   0 T0:   0 T1:   0 T2:   0 T3:   0 SP: 998 	lw t0, sp, 0
  DEBUG   machine:simulation    STATE: NORMAL	TICK:   9 PC:   6/1 ADDR: 998 MEM_OUT:   0 T0:   0 T1:   0 T2:   0 T3:   0 SP: 998 	lw t0, sp, 0
  DEBUG   machine:simulation    STATE: NORMAL	TICK:  10 PC:   7/0 ADDR: 998 MEM_OUT:   0 T0:   0 T1:   0 T2:   0 T3:   0 SP: 998 	addi sp, sp, 1
  DEBUG   machine:simulation    STATE: NORMAL	TICK:  11 PC:   8/0 ADDR: 998 MEM_OUT:   0 T0:   0 T1:   0 T2:   0 T3:   0 SP: 999 	lw t1, sp, 0
  DEBUG   machine:simulation    STATE: NORMAL	TICK:  12 PC:   8/1 ADDR: 999 MEM_OUT:   2 T0:   0 T1:   0 T2:   0 T3:   0 SP: 999 	lw t1, sp, 0
  DEBUG   machine:simulation    STATE: NORMAL	TICK:  13 PC:   9/0 ADDR: 999 MEM_OUT:   2 T0:   0 T1:   2 T2:   0 T3:   0 SP: 999 	addi sp, sp, 1
  DEBUG   machine:simulation    STATE: NORMAL	TICK:  14 PC:  10/0 ADDR: 999 MEM_OUT:   2 T0:   0 T1:   2 T2:   0 T3:   0 SP: 1000 	sw t1, t0, 0
  DEBUG   machine:simulation    STATE: NORMAL	TICK:  15 PC:  10/1 ADDR:   2 MEM_OUT:   0 T0:   0 T1:   2 T2:   0 T3:   0 SP: 1000 	sw t1, t0, 0
  DEBUG   machine:simulation    STATE: NORMAL	TICK:  16 PC:  11/0 ADDR:   2 MEM_OUT:   0 T0:   0 T1:   2 T2:   0 T3:   0 SP: 1000 	addi t0, zero, 3
  DEBUG   machine:simulation    STATE: NORMAL	TICK:  17 PC:  12/0 ADDR:   2 MEM_OUT:   0 T0:   3 T1:   2 T2:   0 T3:   0 SP: 1000 	addi sp, sp, -1
  DEBUG   machine:simulation    STATE: NORMAL	TICK:  18 PC:  13/0 ADDR:   2 MEM_OUT:   0 T0:   3 T1:   2 T2:   0 T3:   0 SP: 999 	sw sp, t0, 0
  DEBUG   machine:simulation    STATE: NORMAL	TICK:  19 PC:  13/1 ADDR: 999 MEM_OUT:   2 T0:   3 T1:   2 T2:   0 T3:   0 SP: 999 	sw sp, t0, 0
  DEBUG   machine:simulation    STATE: NORMAL	TICK:  20 PC:  14/0 ADDR: 999 MEM_OUT:   3 T0:   3 T1:   2 T2:   0 T3:   0 SP: 999 	addi t0, zero, 0
  DEBUG   machine:simulation    STATE: NORMAL	TICK:  21 PC:  15/0 ADDR: 999 MEM_OUT:   3 T0:   0 T1:   2 T2:   0 T3:   0 SP: 999 	addi sp, sp, -1
  DEBUG   machine:simulation    STATE: NORMAL	TICK:  22 PC:  16/0 ADDR: 999 MEM_OUT:   3 T0:   0 T1:   2 T2:   0 T3:   0 SP: 998 	sw sp, t0, 0
  DEBUG   machine:simulation    STATE: NORMAL	TICK:  23 PC:  16/1 ADDR: 998 MEM_OUT:   0 T0:   0 T1:   2 T2:   0 T3:   0 SP: 998 	sw sp, t0, 0
  DEBUG   machine:simulation    STATE: NORMAL	TICK:  24 PC:  17/0 ADDR: 998 MEM_OUT:   0 T0:   0 T1:   2 T2:   0 T3:   0 SP: 998 	lw t0, sp, 0
  DEBUG   machine:simulation    STATE: NORMAL	TICK:  25 PC:  17/1 ADDR: 998 MEM_OUT:   0 T0:   0 T1:   2 T2:   0 T3:   0 SP: 998 	lw t0, sp, 0
  DEBUG   machine:simulation    STATE: NORMAL	TICK:  26 PC:  18/0 ADDR: 998 MEM_OUT:   0 T0:   0 T1:   2 T2:   0 T3:   0 SP: 998 	addi sp, sp, 1
  DEBUG   machine:simulation    STATE: NORMAL	TICK:  27 PC:  19/0 ADDR: 998 MEM_OUT:   0 T0:   0 T1:   2 T2:   0 T3:   0 SP: 999 	lw t1, sp, 0
  DEBUG   machEOF

out_instructions_hex: |2-
    0 - 00001022 - 00000000000000000001000000100010 - addi t0, zero, 2
    1 - FFFFFDA2 - 11111111111111111111110110100010 - addi sp, sp, -1
    2 - 00000D0F - 00000000000000000000110100001111 - sw sp, t0, 0
    3 - 00000022 - 00000000000000000000000000100010 - addi t0, zero, 0
    4 - FFFFFDA2 - 11111111111111111111110110100010 - addi sp, sp, -1
    5 - 00000D0F - 00000000000000000000110100001111 - sw sp, t0, 0
    6 - 00000521 - 00000000000000000000010100100001 - lw t0, sp, 0
    7 - 00000DA2 - 00000000000000000000110110100010 - addi sp, sp, 1
    8 - 00000541 - 00000000000000000000010101000001 - lw t1, sp, 0
    9 - 00000DA2 - 00000000000000000000110110100010 - addi sp, sp, 1
   10 - 00000A0F - 00000000000000000000101000001111 - sw t1, t0, 0
   11 - 00001822 - 00000000000000000001100000100010 - addi t0, zero, 3
   12 - FFFFFDA2 - 11111111111111111111110110100010 - addi sp, sp, -1
   13 - 00000D0F - 00000000000000000000110100001111 - sw sp, t0, 0
   14 - 00000022 - 00000000000000000000000000100010 - addi t0, zero, 0
   15 - FFFFFDA2 - 11111111111111111111110110100010 - addi sp, sp, -1
   16 - 00000D0F - 00000000000000000000110100001111 - sw sp, t0, 0
   17 - 00000521 - 00000000000000000000010100100001 - lw t0, sp, 0
   18 - 00000DA2 - 00000000000000000000110110100010 - addi sp, sp, 1
   19 - 00000541 - 00000000000000000000010101000001 - lw t1, sp, 0
   20 - 00000DA2 - 00000000000000000000110110100010 - addi sp, sp, 1
   21 - 00000A0F - 00000000000000000000101000001111 - sw t1, t0, 0
   22 - 00032022 - 00000000000000110010000000100010 - addi t0, zero, 100
   23 - FFFFFDA2 - 11111111111111111111110110100010 - addi sp, sp, -1
   24 - 00000D0F - 00000000000000000000110100001111 - sw sp, t0, 0
   25 - 00000022 - 00000000000000000000000000100010 - addi t0, zero, 0
   26 - FFFFFDA2 - 11111111111111111111110110100010 - addi sp, sp, -1
   27 - 00000D0F - 00000000000000000000110100001111 - sw sp, t0, 0
   28 - 00000521 - 00000000000000000000010100100001 - lw t0, sp, 0
   29 - 00000DA2 - 00000000000000000000110110100010 - addi sp, sp, 1
   30 - 00000541 - 00000000000000000000010101000001 - lw t1, sp, 0
   31 - 00000DA2 - 00000000000000000000110110100010 - addi sp, sp, 1
   32 - FFFFFDA2 - 11111111111111111111110110100010 - addi sp, sp, -1
   33 - 00000D0F - 00000000000000000000110100001111 - sw sp, t0, 0
   34 - FFFFFDA2 - 11111111111111111111110110100010 - addi sp, sp, -1
   35 - 0000150F - 00000000000000000001010100001111 - sw sp, t1, 0
   36 - 00000521 - 00000000000000000000010100100001 - lw t0, sp, 0
   37 - FFFFFDA2 - 11111111111111111111110110100010 - addi sp, sp, -1
   38 - 00000D0F - 00000000000000000000110100001111 - sw sp, t0, 0
   39 - 00000022 - 00000000000000000000000000100010 - addi t0, zero, 0
   40 - FFFFFDA2 - 11111111111111111111110110100010 - addi sp, sp, -1
   41 - 00000D0F - 00000000000000000000110100001111 - sw sp, t0, 0
   42 - 00000521 - 00000000000000000000010100100001 - lw t0, sp, 0
   43 - 00000DA2 - 00000000000000000000110110100010 - addi sp, sp, 1
   44 - 00000541 - 00000000000000000000010101000001 - lw t1, sp, 0
   45 - 00000DA2 - 00000000000000000000110110100010 - addi sp, sp, 1
   46 - 00001171 - 00000000000000000001000101110001 - bne t0, t1, 3
   47 - 00000082 - 00000000000000000000000010000010 - addi t3, zero, 0
   48 - 00000054 - 00000000000000000000000001010100 - j 2
   49 - 00000882 - 00000000000000000000100010000010 - addi t3, zero, 1
   50 - FFFFFDA2 - 11111111111111111111110110100010 - addi sp, sp, -1
   51 - 0000250F - 00000000000000000010010100001111 - sw sp, t3, 0
   52 - 00000521 - 00000000000000000000010100100001 - lw t0, sp, 0
   53 - 00000DA2 - 00000000000000000000110110100010 - addi sp, sp, 1
   54 - 00014130 - 00000000000000010100000100110000 - beq t0, zero, 41
   55 - 00000521 - 00000000000000000000010100100001 - lw t0, sp, 0
   56 - 00000DA2 - 00000000000000000000110110100010 - addi sp, sp, 1
   57 - 00000541 - 00000000000000000000010101000001 - lw t1, sp, 0
   58 - 00000DA2 - 00000000000000000000110110100010 - addi sp, sp, 1
   59 - FFFFFDA2 - 11111111111111111111110110100010 - addi sp, sp, -1
   60 - 00000D0F - 00000000000000000000110100001111 - sw sp, t0, 0
   61 - FFFFFDA2 - 11111111111111111111110110100010 - addi sp, sp, -1
   62 - 0000150F - 00000000000000000001010100001111 - sw sp, t1, 0
   63 - 00000D21 - 00000000000000000000110100100001 - lw t0, sp, 1
   64 - FFFFFDA2 - 11111111111111111111110110100010 - addi sp, sp, -1
   65 - 00000D0F - 00000000000000000000110100001111 - sw sp, t0, 0
   66 - 00000521 - 00000000000000000000010100100001 - lw t0, sp, 0
   67 - 00000DA2 - 00000000000000000000110110100010 - addi sp, sp, 1
   68 - 00000541 - 00000000000000000000010101000001 - lw t1, sp, 0
   69 - 00000DA2 - 00000000000000000000110110100010 - addi sp, sp, 1
   70 - 00000A23 - 00000000000000000000101000100011 - add t0, t1, t0
   71 - FFFFFDA2 - 11111111111111111111110110100010 - addi sp, sp, -1
   72 - 00000D0F - 00000000000000000000110100001111 - sw sp, t0, 0
   73 - 00000521 - 00000000000000000000010100100001 - lw t0, sp, 0
   74 - 00000DA2 - 00000000000000000000110110100010 - addi sp, sp, 1
   75 - 00000541 - 00000000000000000000010101000001 - lw t1, sp, 0
   76 - 00000DA2 - 00000000000000000000110110100010 - addi sp, sp, 1
   77 - FFFFFDA2 - 11111111111111111111110110100010 - addi sp, sp, -1
   78 - 00000D0F - 00000000000000000000110100001111 - sw sp, t0, 0
   79 - FFFFFDA2 - 11111111111111111111110110100010 - addi sp, sp, -1
   80 - 0000150F - 00000000000000000001010100001111 - sw sp, t1, 0
   81 - FFFFF822 - 11111111111111111111100000100010 - addi t0, zero, -1
   82 - FFFFFDA2 - 11111111111111111111110110100010 - addi sp, sp, -1
   83 - 00000D0F - 00000000000000000000110100001111 - sw sp, t0, 0
   84 - 00000521 - 00000000000000000000010100100001 - lw t0, sp, 0
   85 - 00000DA2 - 00000000000000000000110110100010 - addi sp, sp, 1
   86 - 00000541 - 00000000000000000000010101000001 - lw t1, sp, 0
   87 - 00000DA2 - 00000000000000000000110110100010 - addi sp, sp, 1
   88 - 00000A23 - 00000000000000000000101000100011 - add t0, t1, t0
   89 - FFFFFDA2 - 11111111111111111111110110100010 - addi sp, sp, -1
   90 - 00000D0F - 00000000000000000000110100001111 - sw sp, t0, 0
   91 - 00000822 - 00000000000000000000100000100010 - addi t0, zero, 1
   92 - FFFFFDA2 - 11111111111111111111110110100010 - addi sp, sp, -1
   93 - 00000D0F - 00000000000000000000110100001111 - sw sp, t0, 0
   94 - 00000094 - 00000000000000000000000010010100 - j 4
   95 - 00000022 - 00000000000000000000000000100010 - addi t0, zero, 0
   96 - FFFFFDA2 - 11111111111111111111110110100010 - addi sp, sp, -1
   97 - 00000D0F - 00000000000000000000110100001111 - sw sp, t0, 0
   98 - 00000521 - 00000000000000000000010100100001 - lw t0, sp, 0
   99 - 00000DA2 - 00000000000000000000110110100010 - addi sp, sp, 1
  100 - FFFE0111 - 11111111111111100000000100010001 - bne t0, zero, -64
  101 - 00000DA2 - 00000000000000000000110110100010 - addi sp, sp, 1
  102 - 00000521 - 00000000000000000000010100100001 - lw t0, sp, 0
  103 - FFFFFDA2 - 11111111111111111111110110100010 - addi sp, sp, -1
  104 - 00000D0F - 00000000000000000000110100001111 - sw sp, t0, 0
  105 - 00000521 - 00000000000000000000010100100001 - lw t0, sp, 0
  106 - 00000DA2 - 00000000000000000000110110100010 - addi sp, sp, 1
  107 - 00000541 - 00000000000000000000010101000001 - lw t1, sp, 0
  108 - 00000DA2 - 00000000000000000000110110100010 - addi sp, sp, 1
  109 - 00000A26 - 00000000000000000000101000100110 - mul t0, t1, t0
  110 - FFFFFDA2 - 11111111111111111111110110100010 - addi sp, sp, -1
  111 - 00000D0F - 00000000000000000000110100001111 - sw sp, t0, 0
  112 - 00032022 - 00000000000000110010000000100010 - addi t0, zero, 100
  113 - FFFFFDA2 - 11111111111111111111110110100010 - addi sp, sp, -1
  114 - 00000D0F - 00000000000000000000110100001111 - sw sp, t0, 0
  115 - 00000022 - 00000000000000000000000000100010 - addi t0, zero, 0
  116 - FFFFFDA2 - 11111111111111111111110110100010 - addi sp, sp, -1
  117 - 00000D0F - 00000000000000000000110100001111 - sw sp, t0, 0
  118 - 00000521 - 00000000000000000000010100100001 - lw t0, sp, 0
  119 - 00000DA2 - 00000000000000000000110110100010 - addi sp, sp, 1
  120 - 00000541 - 00000000000000000000010101000001 - lw t1, sp, 0
  121 - 00000DA2 - 00000000000000000000110110100010 - addi sp, sp, 1
  122 - FFFFFDA2 - 11111111111111111111110110100010 - addi sp, sp, -1
  123 - 00000D0F - 00000000000000000000110100001111 - sw sp, t0, 0
  124 - FFFFFDA2 - 11111111111111111111110110100010 - addi sp, sp, -1
  125 - 0000150F - 00000000000000000001010100001111 - sw sp, t1, 0
  126 - 00000521 - 00000000000000000000010100100001 - lw t0, sp, 0
  127 - FFFFFDA2 - 11111111111111111111110110100010 - addi sp, sp, -1
  128 - 00000D0F - 00000000000000000000110100001111 - sw sp, t0, 0
  129 - 00000022 - 00000000000000000000000000100010 - addi t0, zero, 0
  130 - FFFFFDA2 - 11111111111111111111110110100010 - addi sp, sp, -1
  131 - 00000D0F - 00000000000000000000110100001111 - sw sp, t0, 0
  132 - 00000521 - 00000000000000000000010100100001 - lw t0, sp, 0
  133 - 00000DA2 - 00000000000000000000110110100010 - addi sp, sp, 1
  134 - 00000541 - 00000000000000000000010101000001 - lw t1, sp, 0
  135 - 00000DA2 - 00000000000000000000110110100010 - addi sp, sp, 1
  136 - 00001171 - 00000000000000000001000101110001 - bne t0, t1, 3
  137 - 00000082 - 00000000000000000000000010000010 - addi t3, zero, 0
  138 - 00000054 - 00000000000000000000000001010100 - j 2
  139 - 00000882 - 00000000000000000000100010000010 - addi t3, zero, 1
  140 - FFFFFDA2 - 11111111111111111111110110100010 - addi sp, sp, -1
  141 - 0000250F - 00000000000000000010010100001111 - sw sp, t3, 0
  142 - 00000521 - 00000000000000000000010100100001 - lw t0, sp, 0
  143 - 00000DA2 - 00000000000000000000110110100010 - addi sp, sp, 1
  144 - 00018170 - 00000000000000011000000101110000 - beq t0, zero, 51
  145 - 00000521 - 00000000000000000000010100100001 - lw t0, sp, 0
  146 - 00000DA2 - 00000000000000000000110110100010 - addi sp, sp, 1
  147 - 00000541 - 00000000000000000000010101000001 - lw t1, sp, 0
  148 - 00000DA2 - 00000000000000000000110110100010 - addi sp, sp, 1
  149 - FFFFFDA2 - 11111111111111111111110110100010 - addi sp, sp, -1
  150 - 00000D0F - 00000000000000000000110100001111 - sw sp, t0, 0
  151 - FFFFFDA2 - 11111111111111111111110110100010 - addi sp, sp, -1
  152 - 0000150F - 00000000000000000001010100001111 - sw sp, t1, 0
  153 - 00000D21 - 00000000000000000000110100100001 - lw t0, sp, 1
  154 - FFFFFDA2 - 11111111111111111111110110100010 - addi sp, sp, -1
  155 - 00000D0F - 00000000000000000000110100001111 - sw sp, t0, 0
  156 - 00000521 - 00000000000000000000010100100001 - lw t0, sp, 0
  157 - FFFFFDA2 - 11111111111111111111110110100010 - addi sp, sp, -1
  158 - 00000D0F - 00000000000000000000110100001111 - sw sp, t0, 0
  159 - 00000521 - 00000000000000000000010100100001 - lw t0, sp, 0
  160 - 00000DA2 - 00000000000000000000110110100010 - addi sp, sp, 1
  161 - 00000541 - 00000000000000000000010101000001 - lw t1, sp, 0
  162 - 00000DA2 - 00000000000000000000110110100010 - addi sp, sp, 1
  163 - 00000A26 - 00000000000000000000101000100110 - mul t0, t1, t0
  164 - FFFFFDA2 - 11111111111111111111110110100010 - addi sp, sp, -1
  165 - 00000D0F - 00000000000000000000110100001111 - sw sp, t0, 0
  166 - 00000521 - 00000000000000000000010100100001 - lw t0, sp, 0
  167 - 00000DA2 - 00000000000000000000110110100010 - addi sp, sp, 1
  168 - 00000541 - 00000000000000000000010101000001 - lw t1, sp, 0
  169 - 00000DA2 - 00000000000000000000110110100010 - addi sp, sp, 1
  170 - 00000A23 - 00000000000000000000101000100011 - add t0, t1, t0
  171 - FFFFFDA2 - 11111111111111111111110110100010 - addi sp, sp, -1
  172 - 00000D0F - 00000000000000000000110100001111 - sw sp, t0, 0
  173 - 00000521 - 00000000000000000000010100100001 - lw t0, sp, 0
  174 - 00000DA2 - 00000000000000000000110110100010 - addi sp, sp, 1
  175 - 00000541 - 00000000000000000000010101000001 - lw t1, sp, 0
  176 - 00000DA2 - 00000000000000000000110110100010 - addi sp, sp, 1
  177 - FFFFFDA2 - 11111111111111111111110110100010 - addi sp, sp, -1
  178 - 00000D0F - 00000000000000000000110100001111 - sw sp, t0, 0
  179 - FFFFFDA2 - 11111111111111111111110110100010 - addi sp, sp, -1
  180 - 0000150F - 00000000000000000001010100001111 - sw sp, t1, 0
  181 - FFFFF822 - 11111111111111111111100000100010 - addi t0, zero, -1
  182 - FFFFFDA2 - 11111111111111111111110110100010 - addi sp, sp, -1
  183 - 00000D0F - 00000000000000000000110100001111 - sw sp, t0, 0
  184 - 00000521 - 00000000000000000000010100100001 - lw t0, sp, 0
  185 - 00000DA2 - 00000000000000000000110110100010 - addi sp, sp, 1
  186 - 00000541 - 00000000000000000000010101000001 - lw t1, sp, 0
  187 - 00000DA2 - 00000000000000000000110110100010 - addi sp, sp, 1
  188 - 00000A23 - 00000000000000000000101000100011 - add t0, t1, t0
  189 - FFFFFDA2 - 11111111111111111111110110100010 - addi sp, sp, -1
  190 - 00000D0F - 00000000000000000000110100001111 - sw sp, t0, 0
  191 - 00000822 - 00000000000000000000100000100010 - addi t0, zero, 1
  192 - FFFFFDA2 - 11111111111111111111110110100010 - addi sp, sp, -1
  193 - 00000D0F - 00000000000000000000110100001111 - sw sp, t0, 0
  194 - 00000094 - 00000000000000000000000010010100 - j 4
  195 - 00000022 - 00000000000000000000000000100010 - addi t0, zero, 0
  196 - FFFFFDA2 - 11111111111111111111110110100010 - addi sp, sp, -1
  197 - 00000D0F - 00000000000000000000110100001111 - sw sp, t0, 0
  198 - 00000521 - 00000000000000000000010100100001 - lw t0, sp, 0
  199 - 00000DA2 - 00000000000000000000110110100010 - addi sp, sp, 1
  200 - FFFD81D1 - 11111111111111011000000111010001 - bne t0, zero, -74
  201 - 00000DA2 - 00000000000000000000110110100010 - addi sp, sp, 1
  202 - 00000521 - 00000000000000000000010100100001 - lw t0, sp, 0
  203 - 00000DA2 - 00000000000000000000110110100010 - addi sp, sp, 1
  204 - 00000541 - 00000000000000000000010101000001 - lw t1, sp, 0
  205 - 00000DA2 - 00000000000000000000110110100010 - addi sp, sp, 1
  206 - 00000A25 - 00000000000000000000101000100101 - sub t0, t1, t0
  207 - FFFFFDA2 - 11111111111111111111110110100010 - addi sp, sp, -1
  208 - 00000D0F - 00000000000000000000110100001111 - sw sp, t0, 0
  209 - 00000521 - 00000000000000000000010100100001 - lw t0, sp, 0
  210 - 00000DA2 - 00000000000000000000110110100010 - addi sp, sp, 1
  211 - 00000842 - 00000000000000000000100001000010 - addi t1, zero, 1
  212 - 00000A0F - 00000000000000000000101000001111 - sw t1, t0, 0
  213 - 00000016 - 00000000000000000000000000010110 - halt

out_data_hex: |2-
    2 - 00000000 - 00000000000000000000000000000000
    3 - 00000000 - 00000000000000000000000000000000

out_data: !!binary |
  AAAAAgAAAAAAAAADAAAAAA==
