in_source: |-
  : endless_loop
    begin
      1
    until
  ;

  endless_loop

  begin_int
    read
    print
  end_int

in_stdin: |-
  0 a
  33 b
  85 c
out_code: !!binary |
  AAAAAQAAAAcAAAAAAAJghP/+UoQAAlACAABQgwACUoT/zB2SAAAAFwAAYQQAACCD//5ShAACUAIA
  AFCDAAJShAACYQQAAiACAAAAGA==
out_stdout: |
  WHILE STATEMENT
  	NUMBER: 1
  END WHILE STATEMENT
  INTERRUPT
  	OPERATION: TokenType.READ
  	OPERATION: TokenType.PRINT
  END INTERRUPT
  SYMBOL TABLE: {}
  LITERALS: []
  source LoC: 12 code instr: 16
  ============================================================
  abc
out_log: |-
  DEBUG   machine:simulation    STATE: NORMAL	TICK:   0 PC:   0/0 ADDR:   0 MEM_OUT:   0 T0:   0 T1:   0 T2:   0 T3:   0 SP: 1000 	addi t0, zero, 1
  DEBUG   control_unit:process_next_tick Interrupt request on tick 0 with symbol "a"
  DEBUG   machine:simulation    STATE: INT_ENTER	TICK:   1 PC:   0/1 ADDR:   0 MEM_OUT:   0 T0:   0 T1:   0 T2:   0 T3:   0 SP: 1000 	addi t0, zero, 1
  DEBUG   machine:simulation    STATE: INT_BODY	TICK:   2 PC:   7/0 ADDR:   0 MEM_OUT:   0 T0:   0 T1:   0 T2:   0 T3:   0 SP: 1000 	addi t1, zero, 0
  DEBUG   machine:simulation    STATE: INT_BODY	TICK:   3 PC:   8/0 ADDR:   0 MEM_OUT:   0 T0:   0 T1:   0 T2:   0 T3:   0 SP: 1000 	lw t0, t1, 0
  DEBUG   machine:simulation    STATE: INT_BODY	TICK:   4 PC:   8/1 ADDR:   0 MEM_OUT:   0 T0:   0 T1:   0 T2:   0 T3:   0 SP: 1000 	lw t0, t1, 0
  DEBUG   data_path:signal_data_memory_load input: 97
  DEBUG   machine:simulation    STATE: INT_BODY	TICK:   5 PC:   9/0 ADDR:   0 MEM_OUT:   0 T0:  97 T1:   0 T2:   0 T3:   0 SP: 1000 	addi sp, sp, -1
  DEBUG   machine:simulation    STATE: INT_BODY	TICK:   6 PC:  10/0 ADDR:   0 MEM_OUT:   0 T0:  97 T1:   0 T2:   0 T3:   0 SP: 999 	sw t0, sp
  DEBUG   machine:simulation    STATE: INT_BODY	TICK:   7 PC:  10/1 ADDR: 999 MEM_OUT:   0 T0:  97 T1:   0 T2:   0 T3:   0 SP: 999 	sw t0, sp
  DEBUG   machine:simulation    STATE: INT_BODY	TICK:   8 PC:  11/0 ADDR: 999 MEM_OUT:  97 T0:  97 T1:   0 T2:   0 T3:   0 SP: 999 	lw t0, sp, 0
  DEBUG   machine:simulation    STATE: INT_BODY	TICK:   9 PC:  11/1 ADDR: 999 MEM_OUT:  97 T0:  97 T1:   0 T2:   0 T3:   0 SP: 999 	lw t0, sp, 0
  DEBUG   machine:simulation    STATE: INT_BODY	TICK:  10 PC:  12/0 ADDR: 999 MEM_OUT:  97 T0:  97 T1:   0 T2:   0 T3:   0 SP: 999 	addi sp, sp, 1
  DEBUG   machine:simulation    STATE: INT_BODY	TICK:  11 PC:  13/0 ADDR: 999 MEM_OUT:  97 T0:  97 T1:   0 T2:   0 T3:   0 SP: 1000 	addi t1, zero, 1
  DEBUG   machine:simulation    STATE: INT_BODY	TICK:  12 PC:  14/0 ADDR: 999 MEM_OUT:  97 T0:  97 T1:   1 T2:   0 T3:   0 SP: 1000 	sw t0, t1
  DEBUG   machine:simulation    STATE: INT_BODY	TICK:  13 PC:  14/1 ADDR:   1 MEM_OUT:   0 T0:  97 T1:   1 T2:   0 T3:   0 SP: 1000 	sw t0, t1
  DEBUG   data_path:signal_data_memory_store output: '' << 'a'
  DEBUG   machine:simulation    STATE: INT_BODY	TICK:  14 PC:  15/0 ADDR:   1 MEM_OUT:   0 T0:  97 T1:   1 T2:   0 T3:   0 SP: 1000 	rint
  DEBUG   machine:simulation    STATE: INT_EXIT	TICK:  14 PC:  15/0 ADDR:   1 MEM_OUT:   0 T0:  97 T1:   1 T2:   0 T3:   0 SP: 1000 	rint
  DEBUG   machine:simulation    STATE: NORMAL	TICK:  15 PC:   0/0 ADDR:   1 MEM_OUT:   0 T0:   0 T1:   0 T2:   0 T3:   0 SP: 1000 	addi t0, zero, 1
  DEBUG   machine:simulation    STATE: NORMAL	TICK:  16 PC:   1/0 ADDR:   1 MEM_OUT:   0 T0:   1 T1:   0 T2:   0 T3:   0 SP: 1000 	addi sp, sp, -1
  DEBUG   machine:simulation    STATE: NORMAL	TICK:  17 PC:   2/0 ADDR:   1 MEM_OUT:   0 T0:   1 T1:   0 T2:   0 T3:   0 SP: 999 	sw t0, sp
  DEBUG   machine:simulation    STATE: NORMAL	TICK:  18 PC:   2/1 ADDR: 999 MEM_OUT:  97 T0:   1 T1:   0 T2:   0 T3:   0 SP: 999 	sw t0, sp
  DEBUG   machine:simulation    STATE: NORMAL	TICK:  19 PC:   3/0 ADDR: 999 MEM_OUT:   1 T0:   1 T1:   0 T2:   0 T3:   0 SP: 999 	lw t0, sp, 0
  DEBUG   machine:simulation    STATE: NORMAL	TICK:  20 PC:   3/1 ADDR: 999 MEM_OUT:   1 T0:   1 T1:   0 T2:   0 T3:   0 SP: 999 	lw t0, sp, 0
  DEBUG   machine:simulation    STATE: NORMAL	TICK:  21 PC:   4/0 ADDR: 999 MEM_OUT:   1 T0:   1 T1:   0 T2:   0 T3:   0 SP: 999 	addi sp, sp, 1
  DEBUG   machine:simulation    STATE: NORMAL	TICK:  22 PC:   5/0 ADDR: 999 MEM_OUT:   1 T0:   1 T1:   0 T2:   0 T3:   0 SP: 1000 	bne t0, zero, -5
  DEBUG   machine:simulation    STATE: NORMAL	TICK:  23 PC:   5/1 ADDR: 999 MEM_OUT:   1 T0:   1 T1:   0 T2:   0 T3:   0 SP: 1000 	bne t0, zero, -5
  DEBUG   machine:simulation    STATE: NORMAL	TICK:  24 PC:   0/0 ADDR: 999 MEM_OUT:   1 T0:   1 T1:   0 T2:   0 T3:   0 SP: 1000 	addi t0, zero, 1
  DEBUG   machine:simulation    STATE: NORMAL	TICK:  25 PC:   1/0 ADDR: 999 MEM_OUT: EOF
out_code_hex: |-
  is interrupts enabled: True
  interrupt handler address: 7
  data
  instructions
    0 - 00026084 - 00000000000000100110000010000100 - addi t0, zero, 1
    1 - FFFE5284 - 11111111111111100101001010000100 - addi sp, sp, -1
    2 - 00025002 - 00000000000000100101000000000010 - sw t0, sp
    3 - 00005083 - 00000000000000000101000010000011 - lw t0, sp, 0
    4 - 00025284 - 00000000000000100101001010000100 - addi sp, sp, 1
    5 - FFCC1D92 - 11111111110011000001110110010010 - bne t0, zero, -5
    6 - 00000017 - 00000000000000000000000000010111 - halt
    7 - 00006104 - 00000000000000000110000100000100 - addi t1, zero, 0
    8 - 00002083 - 00000000000000000010000010000011 - lw t0, t1, 0
    9 - FFFE5284 - 11111111111111100101001010000100 - addi sp, sp, -1
   10 - 00025002 - 00000000000000100101000000000010 - sw t0, sp
   11 - 00005083 - 00000000000000000101000010000011 - lw t0, sp, 0
   12 - 00025284 - 00000000000000100101001010000100 - addi sp, sp, 1
   13 - 00026104 - 00000000000000100110000100000100 - addi t1, zero, 1
   14 - 00022002 - 00000000000000100010000000000010 - sw t0, t1
   15 - 00000018 - 00000000000000000000000000011000 - rint
