in_source: |-
  #include "stdlib/io.fs"

  : endless_loop
    begin
      read_value
      print
      1
    until
  ;

  endless_loop

in_stdin: |-
  20 a
  25 b
  150 c

out_instructions: !!binary |
  AAAAAAAAECIAAAAB///9ogAAAAIAAA0PAAAAAwAAACIAAAAE///9ogAAAAUAAA0PAAAABgAABSEA
  AAAHAAANogAAAAgAAAVBAAAACQAADaIAAAAKAAAKDwAAAAsAAAAYAAAADAAAECIAAAAN///9ogAA
  AA4AAA0PAAAADwAABSEAAAAQAAANogAAABEAAAEhAAAAEv///aIAAAATAAANDwAAABQAAAUhAAAA
  FQAADaIAAAAWAABBsAAAABcAABgiAAAAGP///aIAAAAZAAANDwAAABoAAAUhAAAAGwAADaIAAAAc
  AAABIQAAAB3///2iAAAAHgAADQ8AAAAfAAAAIgAAACD///2iAAAAIQAADQ8AAAAiAAAAlAAAACMA
  AAgiAAAAJP///aIAAAAlAAANDwAAACYAAAUhAAAAJwAADaIAAAAo//8BkQAAACkAAAUhAAAAKgAA
  DaIAAAArAAAIQgAAACwAAAoPAAAALQAACCIAAAAu///9ogAAAC8AAA0PAAAAMAAABSEAAAAxAAAN
  ogAAADL//kHRAAAAMwAAABYAAAOEAAAYIgAAA4X///2iAAADhgAADQ8AAAOHAAAAQgAAA4gAAAIh
  AAADif///aIAAAOKAAANDwAAA4sAAAUhAAADjAAADaIAAAONAAAFQQAAA44AAA2iAAADjwAACg8A
  AAOQAAAQIgAAA5H///2iAAADkgAADQ8AAAOTAAAIIgAAA5T///2iAAADlQAADQ8AAAOWAAAFIQAA
  A5cAAA2iAAADmAAABUEAAAOZAAANogAAA5oAAAoPAAADmwAAABkAAAOcAAAAFw==

out_stdout: |
  source LoC: 11 code instr: 77
  ============================================================
  output_buffer_str:
  bc
  output_buffer_num:
  [98, 99]

out_log: |-
  DEBUG   machine:simulation    STATE: NORMAL	TICK:   0 PC:   0/0 ADDR:   0 MEM_OUT:   0 T0:   0 T1:   0 T2:   0 T3:   0 SP: 1000 	addi t0, zero, 2
  DEBUG   machine:simulation    STATE: NORMAL	TICK:   1 PC:   1/0 ADDR:   0 MEM_OUT:   0 T0:   2 T1:   0 T2:   0 T3:   0 SP: 1000 	addi sp, sp, -1
  DEBUG   machine:simulation    STATE: NORMAL	TICK:   2 PC:   2/0 ADDR:   0 MEM_OUT:   0 T0:   2 T1:   0 T2:   0 T3:   0 SP: 999 	sw sp, t0, 0
  DEBUG   machine:simulation    STATE: NORMAL	TICK:   3 PC:   2/1 ADDR: 999 MEM_OUT:   0 T0:   2 T1:   0 T2:   0 T3:   0 SP: 999 	sw sp, t0, 0
  DEBUG   machine:simulation    STATE: NORMAL	TICK:   4 PC:   3/0 ADDR: 999 MEM_OUT:   2 T0:   2 T1:   0 T2:   0 T3:   0 SP: 999 	addi t0, zero, 0
  DEBUG   machine:simulation    STATE: NORMAL	TICK:   5 PC:   4/0 ADDR: 999 MEM_OUT:   2 T0:   0 T1:   0 T2:   0 T3:   0 SP: 999 	addi sp, sp, -1
  DEBUG   machine:simulation    STATE: NORMAL	TICK:   6 PC:   5/0 ADDR: 999 MEM_OUT:   2 T0:   0 T1:   0 T2:   0 T3:   0 SP: 998 	sw sp, t0, 0
  DEBUG   machine:simulation    STATE: NORMAL	TICK:   7 PC:   5/1 ADDR: 998 MEM_OUT:   0 T0:   0 T1:   0 T2:   0 T3:   0 SP: 998 	sw sp, t0, 0
  DEBUG   machine:simulation    STATE: NORMAL	TICK:   8 PC:   6/0 ADDR: 998 MEM_OUT:   0 T0:   0 T1:   0 T2:   0 T3:   0 SP: 998 	lw t0, sp, 0
  DEBUG   machine:simulation    STATE: NORMAL	TICK:   9 PC:   6/1 ADDR: 998 MEM_OUT:   0 T0:   0 T1:   0 T2:   0 T3:   0 SP: 998 	lw t0, sp, 0
  DEBUG   machine:simulation    STATE: NORMAL	TICK:  10 PC:   7/0 ADDR: 998 MEM_OUT:   0 T0:   0 T1:   0 T2:   0 T3:   0 SP: 998 	addi sp, sp, 1
  DEBUG   machine:simulation    STATE: NORMAL	TICK:  11 PC:   8/0 ADDR: 998 MEM_OUT:   0 T0:   0 T1:   0 T2:   0 T3:   0 SP: 999 	lw t1, sp, 0
  DEBUG   machine:simulation    STATE: NORMAL	TICK:  12 PC:   8/1 ADDR: 999 MEM_OUT:   2 T0:   0 T1:   0 T2:   0 T3:   0 SP: 999 	lw t1, sp, 0
  DEBUG   machine:simulation    STATE: NORMAL	TICK:  13 PC:   9/0 ADDR: 999 MEM_OUT:   2 T0:   0 T1:   2 T2:   0 T3:   0 SP: 999 	addi sp, sp, 1
  DEBUG   machine:simulation    STATE: NORMAL	TICK:  14 PC:  10/0 ADDR: 999 MEM_OUT:   2 T0:   0 T1:   2 T2:   0 T3:   0 SP: 1000 	sw t1, t0, 0
  DEBUG   machine:simulation    STATE: NORMAL	TICK:  15 PC:  10/1 ADDR:   2 MEM_OUT:   0 T0:   0 T1:   2 T2:   0 T3:   0 SP: 1000 	sw t1, t0, 0
  DEBUG   machine:simulation    STATE: NORMAL	TICK:  16 PC:  11/0 ADDR:   2 MEM_OUT:   0 T0:   0 T1:   2 T2:   0 T3:   0 SP: 1000 	eint
  DEBUG   machine:simulation    STATE: NORMAL	TICK:  17 PC:  12/0 ADDR:   2 MEM_OUT:   0 T0:   0 T1:   2 T2:   0 T3:   0 SP: 1000 	addi t0, zero, 2
  DEBUG   machine:simulation    STATE: NORMAL	TICK:  18 PC:  13/0 ADDR:   2 MEM_OUT:   0 T0:   2 T1:   2 T2:   0 T3:   0 SP: 1000 	addi sp, sp, -1
  DEBUG   machine:simulation    STATE: NORMAL	TICK:  19 PC:  14/0 ADDR:   2 MEM_OUT:   0 T0:   2 T1:   2 T2:   0 T3:   0 SP: 999 	sw sp, t0, 0
  DEBUG   machine:simulation    STATE: NORMAL	TICK:  20 PC:  14/1 ADDR: 999 MEM_OUT:   2 T0:   2 T1:   2 T2:   0 T3:   0 SP: 999 	sw sp, t0, 0
  DEBUG   control_unit:process_next_tick Interrupt request on tick 20 with value "a" | 97
  DEBUG   machine:simulation    STATE: NORMAL	TICK:  21 PC:  15/0 ADDR: 999 MEM_OUT:   2 T0:   2 T1:   2 T2:   0 T3:   0 SP: 999 	lw t0, sp, 0
  DEBUG   machine:simulation    STATE: INT_ENTER	TICK:  22 PC:  15/0 ADDR: 999 MEM_OUT:   2 T0:   2 T1:   2 T2:   0 T3:   0 SP: 999 	lw t0, sp, 0
  DEBUG   machine:simulation    STATE: INT_ENTER	TICK:  23 PC:  15/1 ADDR: 999 MEM_OUT:   2 T0:   2 T1:   2 T2:   0 T3:   0 SP: 999 	lw t0, sp, 0
  DEBUG   machine:simulation    STATE: INT_BODY	TICK:  24 PC: 900/0 ADDR: 999 MEM_OUT:   2 T0:   2 T1:   2 T2:   0 T3:   0 SP: 999 	addi t0, zero, 3
  DEBUG   machine:simulation    STATE: INT_BODY	TICK:  25 PC: 901/0 ADDR: 999 MEM_OUT:   2 T0:   3 T1:   2 T2:   0 T3:   0 SP: 999 	addi sp, sp, -1
  DEBUG   control_unit:process_next_tick Interrupt request on tick 25 with value "b" | 98
  DEBUG   control_unit:process_next_tick Interrupts inside of interrupts are not supported
  DEBUG   machine:simulation    STATE: INT_BODY	TICK:  26 PC: 902/0 ADDR: 999 MEM_OUT:   2 T0:   3 T1:   2 T2:   0 T3:   0 SP: 998 	sw sp, t0, 0
  DEBUG   machine:simulation    STATE: INT_BODY	TICK:  27 PC: 902/1 ADDR: 998 MEM_OUT:   0 T0:   3 T1:   2 T2:   0 T3:   0 SP: 998 	sw sp, t0, 0
  DEBUG   machine:simulation    STATE: INT_BODY	TICK:  28 PC: 903/0 ADDR: 998 MEM_OUT:   3 T0:   3 T1:   2 T2:   0 T3:   0 SP: 998 	addi t1, zero, 0
  DEBUG   machine:simulation    STATE: INT_BODY	TICK:  29 PC: 904/0 ADDR: 998 MEM_OUT:   3 T0:   3 T1:   0 T2:   0 T3:   0 SP: 998 	lw t0, t1, 0
  DEBUG   machine:simulation    STATE: INT_BODY	TICK:  30 PC: 904/1 ADDR:   0 MEM_OUT:   0 T0:   3 T1:   0 T2:   0 T3:   0 SP: 998 	lw t0, t1, 0
  DEBUG   data_path:signal_data_memory_load input: "b" | 98
  DEBUG   machine:simulation    STATE: INT_BODY	TICK:  31 PC: 905/0 ADDR:   0 MEM_OUT:   0 T0:  98 T1:   0 T2:   0 T3:   0 SP: 998 	addi sp, sp, -1
  DEBUG   machine:simulation    STATE: INT_BODY	TICK:  32 PC: 906/0 ADDR:   0 MEM_OUT:   0 T0:  98 T1:   0 T2:   0 T3:   0 SP: 997 	sw sp, t0, 0
  DEBUG   machine:simulation    STATE: INT_BODY	TICK:  33 PC: 906/1 ADDR: 997 MEM_OUT:   0 T0:  98 T1:   0 T2:   0 T3:   0 SP: 997 	sw sp, t0, 0
  DEBUG   machine:simulation    STATE: INT_BODY	TICK:  34 PC: 907/0 ADDR: 997 MEM_OUT:  98 T0:  98 T1:   0 T2:   0 T3:   0 SP: 997 	lw t0, sp, 0
  DEBUG   machine:simulation    STATE: INT_BODY	TICK:  35 PC: 907/1 ADDR: 997 MEM_OUT:  98 T0:  98 T1:   0 T2:   0 T3:   0 SP: 997 	lw t0, sp, 0
  DEBUG   machine:simulation    STATE: INT_BODY	TICK:  36 PC: 908/0 ADDR: 997 MEM_OUT:  98 T0:  98 T1:   0 T2:   0 T3:   0 SP: 997 	addi sp, sp, 1
  DEBUG   machine:simulation    STATE: INT_BODY	TICK:  37 PC: 909/0 ADDR: 997 MEM_OUT:  98 T0:  98 T1:   0 T2:   0 T3:   0 SP: 998 	lw t1, sp, 0
  DEBUG   machine:simulation    STATE: INT_BODY	TICK:  38 PC: 909/1 ADDR: 998 MEM_OUT:   3 T0:  98 T1:   0 T2:   0 T3:   0 SP: 998 	lw t1, sp, 0
  DEBUG   machine:simulation    STATE: INT_BODY	TICK:  39 PC: 910/0 ADDR: 998 MEM_OUT:   3 T0:  98 T1:   3 T2:   0 T3:   0 SP: 998 	addi sp, sp, 1
  DEBUG   machine:simulation    STATE: INT_BODY	TICK:  40 PC: 911/0 ADDR: 998 MEM_OUT:   3 T0:  98 T1:   3 T2:   0 T3:   0 SP: 999 	sw t1, t0, 0
  DEBUG   machine:simulation    STATE: INT_BODY	TICK:  41 PC: 911/1 ADDR:   3 MEM_OUT:   0 T0:  98 T1:   3 T2:   0 T3:   0 SP: 999 	sw t1, t0, 0
  DEBUG   machine:simulation    STATE: INT_BODY	TICK:  42 PC: 912/0 ADDR:   3 MEM_OUT:  98 T0:  98 T1:   3 T2:   0 T3:   0 SP: 999 	addi t0, zero, 2
  DEBUG   machine:simulation    STATE: INT_BODY	TICK:  43 PC: 913/0 ADDR:   3 MEM_OUT:  98 T0:   2 T1:   3 T2:   0 T3:   0 SP: 999 	addi sp, sp, -1
  DEBUG   machine:simulation    STATE: INT_BODY	TICK:  44 PC: 914/0 ADDR:   3 MEM_OUT:  98 T0:   2 T1:   3 T2:   0 T3:   0 SP: 998 	sw sp, t0, 0
  DEBUG   machine:simulation    STATE: INT_BODY	TICK:  45 PC: 914/1 ADDR: 998 MEM_OUT:   3 T0:   2 T1:   3 T2:   0 T3:   0 SP: 998 	sw sp, t0, 0
  DEBUG   machine:simulation    STATE: INT_BODY	TICK:  46 PC: 915/0 ADDR: 998 MEM_OUT:   2 T0:   2 T1:   3 T2:   0 T3:   0 SP: 998 	addi t0, zero, 1
  DEBUG   machine:simulation    STATE: INT_BODY	TICK:  47 PC: 916/0 ADDR: 998 MEM_OUT:   2 T0:   1 T1:   3 T2:   0 T3:   0 SP: 998 	addi sp, sp, -1
  DEBUG   machine:simulation    STATE: INT_BODY	TICK:  48 PC: 917/0 ADDR: 998 MEM_OUT:   2 T0:   1 T1:   3 T2:   0 T3:   0 SP: 997 	sw sp, t0, 0
  DEBUG   machine:simulation    STATE: INT_BODY	TICK:  49 PC: 917/1 ADDR: 997 MEM_OUT:  98 T0:   1 T1:   3 T2:   0 T3:   0 SP: 997 	sw sp, t0, 0
  DEBUG   machine:simulation    STATE: INT_BODY	TICK:  50 PC: 918/0 ADDR: 997 MEM_OUT:   1 T0:   1 T1:   3 T2:   0 T3:   0 SP: 997 	lw t0, sp, 0
  DEBUG   machine:simulation    STATE: INT_BODY	TICK:  51 PC: 918/1 ADDR: 997 MEM_OUT:   1 T0:   1 T1:   3 T2:   0 T3:   0 SP: 997 	lw t0, sp, 0
  DEBUG   machine:simulation    STATE: INT_BODY	TICK:  52 PC: 919/0 ADDR: 997 MEM_OUT:   1 T0:   1 T1:   3 T2:   0 T3:   0 SP: 997 	addi sp, sp, 1
  DEBUG   machine:simulation    STATE: INT_BODY	TICK:  53 PC: 920/0 ADDR: 997 MEM_OUT:   1 T0:   1 T1:   3 T2:   0 T3:   0 SP: 998 	lw t1, sp, 0
  DEBUG   machine:simulation    STATE: INT_BODY	TICK:  54 PC: 920/1 ADDR: 998 MEM_OUT:   2 T0:   1 T1:   3 T2:   0 T3:   0 SP: 998 	lw t1, sp, 0
  DEBUG   machine:simulation    STATE: INT_BODY	TICK:  55 PC: 921/0 ADDR: 998 MEM_OUT:   2 T0:   1 T1:   2 T2:   0 T3:   0 SP: 998 	addi sp, sp, 1
  DEBUG   machine:simulation    STATE: INT_BODY	TICK:  56 PC: 922/0 ADDR: 998 MEM_OUT:   2 T0:   1 T1:   2 T2:   0 T3:   0 SP: 999 	sw t1, t0, 0
  DEBUG   machine:simulation    STATE: INT_BODY	TICK:  57 PC: 922/1 ADDR:   2 MEM_OUT:   0 T0:   1 T1:   2 T2:   0 T3:   0 SP: 999 	sw t1, t0, 0
  DEBUG   machine:simulation    STATE: INT_BODY	TICK:  58 PC: 923/0 ADDR:   2 MEM_OUT:   1 T0:   1 T1:   2 T2:   0 T3:   0 SP: 999 	dint
  DEBUG   machine:simulation    STATE: INT_BODY	TICK:  59 PC: 924/0 ADDR:   2 MEM_OUT:   1 T0:   1 T1:   2 T2:   0 T3:   0 SP: 999 	rint
  DEBUG   machine:simulation    STATE: NORMAL	TICK:  60 PC:  15/0 ADDR:   2 MEM_OUT:   1 T0:   2 T1:   2 T2:   0 T3:   0 SP: 999 	lw t0, sp, 0
  DEBUG   machine:simulation    STATE: NORMAL	TICK:  61 PC:  15/1 ADDR: 999 MEM_OUT:   2 T0:   2 T1:   2 T2:   0 T3:   0 SP: 999 	lw t0, sp, 0
  DEBUG   machine:simulation    STATE: NORMAL	TICK:  62 PC:  16/0 ADDR: 999 MEM_OUT:   2 T0:   2 T1:   2 T2:   0 T3:   0 SP: 999 	addi sp, sp, 1
  DEBUG   machine:simulation    STATE: NORMAL	TICK:  63 PC:  17/0 ADDR: 999 MEM_OUT:   2 T0:   2 T1:   2 T2:   0 T3:   0 SP: 1000 	lw t0, t0, 0
  DEBUG   machine:simulation    STATE: NORMAL	TICK:  64 PC:  17/1 ADDR:   2 MEM_OUT:   1 T0:   2 T1:   2 T2:   0 T3:   0 SP: 1000 	lw t0, t0, 0
  DEBUG   machine:simulation    STATE: NORMAL	TICK:  65 PC:  18/0 ADDR:   2 MEM_OUT:   1 T0:   1 T1:   2 T2:   0 T3:   0 SP: 1000 	addi sp, sp, -1
  DEBUG   machine:simulation    STATE: NORMAL	TICK:  66 PC:  19/0 ADDR:   2 MEM_OUT:   1 T0:   1 T1:   2 T2:   0 T3:   0 SP: 999 	sw sp, t0, 0
  DEBUG   machine:simulation    STATE: NORMAL	TICK:  67 PC:  19/1 ADDR: 999 MEM_OUT:   2 T0:   1 T1:  EOF

out_instructions_hex: |2-
    0 - 00001022 - 00000000000000000001000000100010 - addi t0, zero, 2
    1 - FFFFFDA2 - 11111111111111111111110110100010 - addi sp, sp, -1
    2 - 00000D0F - 00000000000000000000110100001111 - sw sp, t0, 0
    3 - 00000022 - 00000000000000000000000000100010 - addi t0, zero, 0
    4 - FFFFFDA2 - 11111111111111111111110110100010 - addi sp, sp, -1
    5 - 00000D0F - 00000000000000000000110100001111 - sw sp, t0, 0
    6 - 00000521 - 00000000000000000000010100100001 - lw t0, sp, 0
    7 - 00000DA2 - 00000000000000000000110110100010 - addi sp, sp, 1
    8 - 00000541 - 00000000000000000000010101000001 - lw t1, sp, 0
    9 - 00000DA2 - 00000000000000000000110110100010 - addi sp, sp, 1
   10 - 00000A0F - 00000000000000000000101000001111 - sw t1, t0, 0
   11 - 00000018 - 00000000000000000000000000011000 - eint
   12 - 00001022 - 00000000000000000001000000100010 - addi t0, zero, 2
   13 - FFFFFDA2 - 11111111111111111111110110100010 - addi sp, sp, -1
   14 - 00000D0F - 00000000000000000000110100001111 - sw sp, t0, 0
   15 - 00000521 - 00000000000000000000010100100001 - lw t0, sp, 0
   16 - 00000DA2 - 00000000000000000000110110100010 - addi sp, sp, 1
   17 - 00000121 - 00000000000000000000000100100001 - lw t0, t0, 0
   18 - FFFFFDA2 - 11111111111111111111110110100010 - addi sp, sp, -1
   19 - 00000D0F - 00000000000000000000110100001111 - sw sp, t0, 0
   20 - 00000521 - 00000000000000000000010100100001 - lw t0, sp, 0
   21 - 00000DA2 - 00000000000000000000110110100010 - addi sp, sp, 1
   22 - 000041B0 - 00000000000000000100000110110000 - beq t0, zero, 13
   23 - 00001822 - 00000000000000000001100000100010 - addi t0, zero, 3
   24 - FFFFFDA2 - 11111111111111111111110110100010 - addi sp, sp, -1
   25 - 00000D0F - 00000000000000000000110100001111 - sw sp, t0, 0
   26 - 00000521 - 00000000000000000000010100100001 - lw t0, sp, 0
   27 - 00000DA2 - 00000000000000000000110110100010 - addi sp, sp, 1
   28 - 00000121 - 00000000000000000000000100100001 - lw t0, t0, 0
   29 - FFFFFDA2 - 11111111111111111111110110100010 - addi sp, sp, -1
   30 - 00000D0F - 00000000000000000000110100001111 - sw sp, t0, 0
   31 - 00000022 - 00000000000000000000000000100010 - addi t0, zero, 0
   32 - FFFFFDA2 - 11111111111111111111110110100010 - addi sp, sp, -1
   33 - 00000D0F - 00000000000000000000110100001111 - sw sp, t0, 0
   34 - 00000094 - 00000000000000000000000010010100 - j 4
   35 - 00000822 - 00000000000000000000100000100010 - addi t0, zero, 1
   36 - FFFFFDA2 - 11111111111111111111110110100010 - addi sp, sp, -1
   37 - 00000D0F - 00000000000000000000110100001111 - sw sp, t0, 0
   38 - 00000521 - 00000000000000000000010100100001 - lw t0, sp, 0
   39 - 00000DA2 - 00000000000000000000110110100010 - addi sp, sp, 1
   40 - FFFF0191 - 11111111111111110000000110010001 - bne t0, zero, -28
   41 - 00000521 - 00000000000000000000010100100001 - lw t0, sp, 0
   42 - 00000DA2 - 00000000000000000000110110100010 - addi sp, sp, 1
   43 - 00000842 - 00000000000000000000100001000010 - addi t1, zero, 1
   44 - 00000A0F - 00000000000000000000101000001111 - sw t1, t0, 0
   45 - 00000822 - 00000000000000000000100000100010 - addi t0, zero, 1
   46 - FFFFFDA2 - 11111111111111111111110110100010 - addi sp, sp, -1
   47 - 00000D0F - 00000000000000000000110100001111 - sw sp, t0, 0
   48 - 00000521 - 00000000000000000000010100100001 - lw t0, sp, 0
   49 - 00000DA2 - 00000000000000000000110110100010 - addi sp, sp, 1
   50 - FFFE41D1 - 11111111111111100100000111010001 - bne t0, zero, -50
   51 - 00000016 - 00000000000000000000000000010110 - halt
  900 - 00001822 - 00000000000000000001100000100010 - addi t0, zero, 3
  901 - FFFFFDA2 - 11111111111111111111110110100010 - addi sp, sp, -1
  902 - 00000D0F - 00000000000000000000110100001111 - sw sp, t0, 0
  903 - 00000042 - 00000000000000000000000001000010 - addi t1, zero, 0
  904 - 00000221 - 00000000000000000000001000100001 - lw t0, t1, 0
  905 - FFFFFDA2 - 11111111111111111111110110100010 - addi sp, sp, -1
  906 - 00000D0F - 00000000000000000000110100001111 - sw sp, t0, 0
  907 - 00000521 - 00000000000000000000010100100001 - lw t0, sp, 0
  908 - 00000DA2 - 00000000000000000000110110100010 - addi sp, sp, 1
  909 - 00000541 - 00000000000000000000010101000001 - lw t1, sp, 0
  910 - 00000DA2 - 00000000000000000000110110100010 - addi sp, sp, 1
  911 - 00000A0F - 00000000000000000000101000001111 - sw t1, t0, 0
  912 - 00001022 - 00000000000000000001000000100010 - addi t0, zero, 2
  913 - FFFFFDA2 - 11111111111111111111110110100010 - addi sp, sp, -1
  914 - 00000D0F - 00000000000000000000110100001111 - sw sp, t0, 0
  915 - 00000822 - 00000000000000000000100000100010 - addi t0, zero, 1
  916 - FFFFFDA2 - 11111111111111111111110110100010 - addi sp, sp, -1
  917 - 00000D0F - 00000000000000000000110100001111 - sw sp, t0, 0
  918 - 00000521 - 00000000000000000000010100100001 - lw t0, sp, 0
  919 - 00000DA2 - 00000000000000000000110110100010 - addi sp, sp, 1
  920 - 00000541 - 00000000000000000000010101000001 - lw t1, sp, 0
  921 - 00000DA2 - 00000000000000000000110110100010 - addi sp, sp, 1
  922 - 00000A0F - 00000000000000000000101000001111 - sw t1, t0, 0
  923 - 00000019 - 00000000000000000000000000011001 - dint
  924 - 00000017 - 00000000000000000000000000010111 - rint

out_data_hex: |2-
    2 - 00000000 - 00000000000000000000000000000000
    3 - 00000000 - 00000000000000000000000000000000
out_data: !!binary |
  AAAAAgAAAAAAAAADAAAAAA==
