in_source: |-
  2var biggest_dword                                  \ 2^63 - 1
  biggest_dword 9223372036854775807. 2store
  biggest_dword 2load print print

  2var smallest_dword                                 \ -2^63
  smallest_dword -9223372036854775808. 2store
  smallest_dword 2load print print

  2147483647. 1. 2+ print print                       \ (2^31 - 1) + 1

  -2147483648. 1. 2- print print                      \ (-2^31) - 1

  2147483648. 2147483648. 2- print print              \ (2^31) - (2^31)

  1073741824 4 2* print print                         \ (2^30) * 4

  -2147483648 2 2* print print                        \ (-2^31) * 2

  -2147483648 -2 2* print print                       \ (-2^31) * (-2)

in_stdin: |

out_instructions: !!binary |
  AAAAAAAEEQQAAAAB//5jBAAAAAIABGACAAAAA//+EQQAAAAE//5jBAAAAAUABGACAAAABoAAAQEA
  AAAH//4hBAAAAAj//mMEAAAACQAEYAIAAAAKAABhAwAAAAsAAmMEAAAADAAAYYMAAAANAAJjBAAA
  AA4AAGIDAAAADwACYwQAAAAQAARAAgAAABEAAkIEAAAAEgAGQAIAAAATAAQRBAAAABT//mMEAAAA
  FQAEYAIAAAAWAABiAwAAABcAAmMEAAAAGAAAQQMAAAAZAAJCBAAAABoAAEGDAAAAG//+YwQAAAAc
  AAZgAgAAAB3//mMEAAAAHgAEYAIAAAAfAABhAwAAACAAAmMEAAAAIQACEYQAAAAiAAQwAgAAACMA
  AGEDAAAAJAACYwQAAAAlAAIRhAAAACYABDACAAAAJwAIEQQAAAAo//5jBAAAACkABGACAAAAKgAA
  EQQAAAAr//5jBAAAACwABGACAAAALYAAAQEAAAAuAAAhBAAAAC///mMEAAAAMAAEYAIAAAAxAABh
  AwAAADIAAmMEAAAAMwAAYYMAAAA0AAJjBAAAADUAAGIDAAAANgACYwQAAAA3AARAAgAAADgAAkIE
  AAAAOQAGQAIAAAA6AAgRBAAAADv//mMEAAAAPAAEYAIAAAA9AABiAwAAAD4AAmMEAAAAPwAAQQMA
  AABAAAJCBAAAAEEAAEGDAAAAQv/+YwQAAABDAAZgAgAAAET//mMEAAAARQAEYAIAAABGAABhAwAA
  AEcAAmMEAAAASAACEYQAAABJAAQwAgAAAEoAAGEDAAAASwACYwQAAABMAAIRhAAAAE0ABDACAAAA
  ToAAAQEAAABP//4hBAAAAFD//mMEAAAAUQAEYAIAAABSAAARBAAAAFP//mMEAAAAVAAEYAIAAABV
  AAIRBAAAAFb//mMEAAAAVwAEYAIAAABYAAARBAAAAFn//mMEAAAAWgAEYAIAAABbAABhAwAAAFwA
  AmMEAAAAXQAAYYMAAABeAAJjBAAAAF8AAGIDAAAAYAACYwQAAABhAABigwAAAGIAAmMEAAAAYwAE
  QQUAAABkAAZSBgAAAGUABEEFAAAAZgAGUYUAAABn//5jBAAAAGgABmACAAAAaf/+YwQAAABqAARg
  AgAAAGsAAGEDAAAAbAACYwQAAABtAAIRhAAAAG4ABDACAAAAbwAAYQMAAABwAAJjBAAAAHEAAhGE
  AAAAcgAEMAIAAABzgAABAQAAAHQAACEEAAAAdf/+YwQAAAB2AARgAgAAAHf//hEEAAAAeP/+YwQA
  AAB5AARgAgAAAHoAAhEEAAAAe//+YwQAAAB8AARgAgAAAH0AABEEAAAAfv/+YwQAAAB/AARgAgAA
  AIAAAGEDAAAAgQACYwQAAACCAABhgwAAAIMAAmMEAAAAhP/+EgQAAACFAARBEAAAAIYABkGQAAAA
  hwACEoQAAACIAAZSBgAAAIkABEEFAAAAigAGUYUAAACLAABiAwAAAIwAAmMEAAAAjQAAYoMAAACO
  AAJjBAAAAI8ABEEFAAAAkAAGUgYAAACRAARBBQAAAJIABlGFAAAAk//+YwQAAACUAAZgAgAAAJX/
  /mMEAAAAlgAEYAIAAACXAABhAwAAAJgAAmMEAAAAmQACEYQAAACaAAQwAgAAAJsAAGEDAAAAnAAC
  YwQAAACdAAIRhAAAAJ4ABDACAAAAn4AAAQEAAACgAAAhBAAAAKH//mMEAAAAogAEYAIAAACjAAAR
  BAAAAKT//mMEAAAApQAEYAIAAACmgAABAQAAAKcAACEEAAAAqP/+YwQAAACpAARgAgAAAKoAABEE
  AAAAq//+YwQAAACsAARgAgAAAK0AAGEDAAAArgACYwQAAACvAABhgwAAALAAAmMEAAAAsf/+EgQA
  AACyAARBEAAAALMABkGQAAAAtAACEoQAAAC1AAZSBgAAALYABEEFAAAAtwAGUYUAAAC4AABiAwAA
  ALkAAmMEAAAAugAAYoMAAAC7AAJjBAAAALwABEEFAAAAvQAGUgYAAAC+AARBBQAAAL8ABlGFAAAA
  wP/+YwQAAADBAAZgAgAAAML//mMEAAAAwwAEYAIAAADEAABhAwAAAMUAAmMEAAAAxgACEYQAAADH
  AAQwAgAAAMgAAGEDAAAAyQACYwQAAADKAAIRhAAAAMsABDACAAAAzEAAAQEAAADNAAAhBAAAAM7/
  /mMEAAAAzwAEYAIAAADQAAgRBAAAANH//mMEAAAA0gAEYAIAAADTAABhAwAAANQAAmMEAAAA1QAA
  YYMAAADWAAJjBAAAANcABDIIAAAA2AAEMokAAADZ//5jBAAAANoACGACAAAA2//+YwQAAADcAApg
  AgAAAN0AAGEDAAAA3gACYwQAAADfAAIRhAAAAOAABDACAAAA4QAAYQMAAADiAAJjBAAAAOMAAhGE
  AAAA5AAEMAIAAADlgAABAQAAAOYAACEEAAAA5//+YwQAAADoAARgAgAAAOkABBEEAAAA6v/+YwQA
  AADrAARgAgAAAOwAAGEDAAAA7QACYwQAAADuAABhgwAAAO8AAmMEAAAA8AAEMggAAADxAAQyiQAA
  APL//mMEAAAA8wAIYAIAAAD0//5jBAAAAPUACmACAAAA9gAAYQMAAAD3AAJjBAAAAPgAAhGEAAAA
  +QAEMAIAAAD6AABhAwAAAPsAAmMEAAAA/AACEYQAAAD9AAQwAgAAAP6AAAEBAAAA/wAAIQQAAAEA
  //5jBAAAAQEABGACAAABAv/8EQQAAAED//5jBAAAAQQABGACAAABBQAAYQMAAAEGAAJjBAAAAQcA
  AGGDAAABCAACYwQAAAEJAAQyCAAAAQoABDKJAAABC//+YwQAAAEMAAhgAgAAAQ3//mMEAAABDgAK
  YAIAAAEPAABhAwAAARAAAmMEAAABEQACEYQAAAESAAQwAgAAARMAAGEDAAABFAACYwQAAAEVAAIR
  hAAAARYABDACAAABFwAAABc=

out_stdout: |
  source LoC: 19 code instr: 280
  ============================================================
  output_buffer_str:
  ����������������
  output_buffer_num:
  [2147483647, -1, -2147483648, 0, 0, -2147483648, -1, 2147483647, 0, 0, 1, 0, -1, 0, 1, 0]

out_log: |-
  DEBUG   machine:simulation    STATE: NORMAL	TICK:   0 PC:   0/0 ADDR:   0 MEM_OUT:   0 T0:   0 T1:   0 T2:   0 T3:   0 SP: 1000 	addi t0, zero, 2
  DEBUG   machine:simulation    STATE: NORMAL	TICK:   1 PC:   1/0 ADDR:   0 MEM_OUT:   0 T0:   2 T1:   0 T2:   0 T3:   0 SP: 1000 	addi sp, sp, -1
  DEBUG   machine:simulation    STATE: NORMAL	TICK:   2 PC:   2/0 ADDR:   0 MEM_OUT:   0 T0:   2 T1:   0 T2:   0 T3:   0 SP: 999 	sw t0, sp
  DEBUG   machine:simulation    STATE: NORMAL	TICK:   3 PC:   2/1 ADDR: 999 MEM_OUT:   0 T0:   2 T1:   0 T2:   0 T3:   0 SP: 999 	sw t0, sp
  DEBUG   machine:simulation    STATE: NORMAL	TICK:   4 PC:   3/0 ADDR: 999 MEM_OUT:   2 T0:   2 T1:   0 T2:   0 T3:   0 SP: 999 	addi t0, zero, -1
  DEBUG   machine:simulation    STATE: NORMAL	TICK:   5 PC:   4/0 ADDR: 999 MEM_OUT:   2 T0:  -1 T1:   0 T2:   0 T3:   0 SP: 999 	addi sp, sp, -1
  DEBUG   machine:simulation    STATE: NORMAL	TICK:   6 PC:   5/0 ADDR: 999 MEM_OUT:   2 T0:  -1 T1:   0 T2:   0 T3:   0 SP: 998 	sw t0, sp
  DEBUG   machine:simulation    STATE: NORMAL	TICK:   7 PC:   5/1 ADDR: 998 MEM_OUT:   0 T0:  -1 T1:   0 T2:   0 T3:   0 SP: 998 	sw t0, sp
  DEBUG   machine:simulation    STATE: NORMAL	TICK:   8 PC:   6/0 ADDR: 998 MEM_OUT:  -1 T0:  -1 T1:   0 T2:   0 T3:   0 SP: 998 	lui t0, -524288
  DEBUG   machine:simulation    STATE: NORMAL	TICK:   9 PC:   7/0 ADDR: 998 MEM_OUT:  -1 T0: -2147483648 T1:   0 T2:   0 T3:   0 SP: 998 	addi t0, t0, -1
  DEBUG   machine:simulation    STATE: NORMAL	TICK:  10 PC:   8/0 ADDR: 998 MEM_OUT:  -1 T0: 2147483647 T1:   0 T2:   0 T3:   0 SP: 998 	addi sp, sp, -1
  DEBUG   machine:simulation    STATE: NORMAL	TICK:  11 PC:   9/0 ADDR: 998 MEM_OUT:  -1 T0: 2147483647 T1:   0 T2:   0 T3:   0 SP: 997 	sw t0, sp
  DEBUG   machine:simulation    STATE: NORMAL	TICK:  12 PC:   9/1 ADDR: 997 MEM_OUT:   0 T0: 2147483647 T1:   0 T2:   0 T3:   0 SP: 997 	sw t0, sp
  DEBUG   machine:simulation    STATE: NORMAL	TICK:  13 PC:  10/0 ADDR: 997 MEM_OUT: 2147483647 T0: 2147483647 T1:   0 T2:   0 T3:   0 SP: 997 	lw t0, sp, 0
  DEBUG   machine:simulation    STATE: NORMAL	TICK:  14 PC:  10/1 ADDR: 997 MEM_OUT: 2147483647 T0: 2147483647 T1:   0 T2:   0 T3:   0 SP: 997 	lw t0, sp, 0
  DEBUG   machine:simulation    STATE: NORMAL	TICK:  15 PC:  11/0 ADDR: 997 MEM_OUT: 2147483647 T0: 2147483647 T1:   0 T2:   0 T3:   0 SP: 997 	addi sp, sp, 1
  DEBUG   machine:simulation    STATE: NORMAL	TICK:  16 PC:  12/0 ADDR: 997 MEM_OUT: 2147483647 T0: 2147483647 T1:   0 T2:   0 T3:   0 SP: 998 	lw t1, sp, 0
  DEBUG   machine:simulation    STATE: NORMAL	TICK:  17 PC:  12/1 ADDR: 998 MEM_OUT:  -1 T0: 2147483647 T1:   0 T2:   0 T3:   0 SP: 998 	lw t1, sp, 0
  DEBUG   machine:simulation    STATE: NORMAL	TICK:  18 PC:  13/0 ADDR: 998 MEM_OUT:  -1 T0: 2147483647 T1:  -1 T2:   0 T3:   0 SP: 998 	addi sp, sp, 1
  DEBUG   machine:simulation    STATE: NORMAL	TICK:  19 PC:  14/0 ADDR: 998 MEM_OUT:  -1 T0: 2147483647 T1:  -1 T2:   0 T3:   0 SP: 999 	lw t2, sp, 0
  DEBUG   machine:simulation    STATE: NORMAL	TICK:  20 PC:  14/1 ADDR: 999 MEM_OUT:   2 T0: 2147483647 T1:  -1 T2:   0 T3:   0 SP: 999 	lw t2, sp, 0
  DEBUG   machine:simulation    STATE: NORMAL	TICK:  21 PC:  15/0 ADDR: 999 MEM_OUT:   2 T0: 2147483647 T1:  -1 T2:   2 T3:   0 SP: 999 	addi sp, sp, 1
  DEBUG   machine:simulation    STATE: NORMAL	TICK:  22 PC:  16/0 ADDR: 999 MEM_OUT:   2 T0: 2147483647 T1:  -1 T2:   2 T3:   0 SP: 1000 	sw t0, t2
  DEBUG   machine:simulation    STATE: NORMAL	TICK:  23 PC:  16/1 ADDR:   2 MEM_OUT:   0 T0: 2147483647 T1:  -1 T2:   2 T3:   0 SP: 1000 	sw t0, t2
  DEBUG   machine:simulation    STATE: NORMAL	TICK:  24 PC:  17/0 ADDR:   2 MEM_OUT: 2147483647 T0: 2147483647 T1:  -1 T2:   2 T3:   0 SP: 1000 	addi t2, t2, 1
  DEBUG   machine:simulation    STATE: NORMAL	TICK:  25 PC:  18/0 ADDR:   2 MEM_OUT: 2147483647 T0: 2147483647 T1:  -1 T2:   3 T3:   0 SP: 1000 	sw t1, t2
  DEBUG   machine:simulation    STATE: NORMAL	TICK:  26 PC:  18/1 ADDR:   3 MEM_OUT:   0 T0: 2147483647 T1:  -1 T2:   3 T3:   0 SP: 1000 	sw t1, t2
  DEBUG   machineEOF

out_instructions_hex: |2-
    0 - 00041104 - 00000000000001000001000100000100 - addi t0, zero, 2
    1 - FFFE6304 - 11111111111111100110001100000100 - addi sp, sp, -1
    2 - 00046002 - 00000000000001000110000000000010 - sw t0, sp
    3 - FFFE1104 - 11111111111111100001000100000100 - addi t0, zero, -1
    4 - FFFE6304 - 11111111111111100110001100000100 - addi sp, sp, -1
    5 - 00046002 - 00000000000001000110000000000010 - sw t0, sp
    6 - 80000101 - 10000000000000000000000100000001 - lui t0, -524288
    7 - FFFE2104 - 11111111111111100010000100000100 - addi t0, t0, -1
    8 - FFFE6304 - 11111111111111100110001100000100 - addi sp, sp, -1
    9 - 00046002 - 00000000000001000110000000000010 - sw t0, sp
   10 - 00006103 - 00000000000000000110000100000011 - lw t0, sp, 0
   11 - 00026304 - 00000000000000100110001100000100 - addi sp, sp, 1
   12 - 00006183 - 00000000000000000110000110000011 - lw t1, sp, 0
   13 - 00026304 - 00000000000000100110001100000100 - addi sp, sp, 1
   14 - 00006203 - 00000000000000000110001000000011 - lw t2, sp, 0
   15 - 00026304 - 00000000000000100110001100000100 - addi sp, sp, 1
   16 - 00044002 - 00000000000001000100000000000010 - sw t0, t2
   17 - 00024204 - 00000000000000100100001000000100 - addi t2, t2, 1
   18 - 00064002 - 00000000000001100100000000000010 - sw t1, t2
   19 - 00041104 - 00000000000001000001000100000100 - addi t0, zero, 2
   20 - FFFE6304 - 11111111111111100110001100000100 - addi sp, sp, -1
   21 - 00046002 - 00000000000001000110000000000010 - sw t0, sp
   22 - 00006203 - 00000000000000000110001000000011 - lw t2, sp, 0
   23 - 00026304 - 00000000000000100110001100000100 - addi sp, sp, 1
   24 - 00004103 - 00000000000000000100000100000011 - lw t0, t2, 0
   25 - 00024204 - 00000000000000100100001000000100 - addi t2, t2, 1
   26 - 00004183 - 00000000000000000100000110000011 - lw t1, t2, 0
   27 - FFFE6304 - 11111111111111100110001100000100 - addi sp, sp, -1
   28 - 00066002 - 00000000000001100110000000000010 - sw t1, sp
   29 - FFFE6304 - 11111111111111100110001100000100 - addi sp, sp, -1
   30 - 00046002 - 00000000000001000110000000000010 - sw t0, sp
   31 - 00006103 - 00000000000000000110000100000011 - lw t0, sp, 0
   32 - 00026304 - 00000000000000100110001100000100 - addi sp, sp, 1
   33 - 00021184 - 00000000000000100001000110000100 - addi t1, zero, 1
   34 - 00043002 - 00000000000001000011000000000010 - sw t0, t1
   35 - 00006103 - 00000000000000000110000100000011 - lw t0, sp, 0
   36 - 00026304 - 00000000000000100110001100000100 - addi sp, sp, 1
   37 - 00021184 - 00000000000000100001000110000100 - addi t1, zero, 1
   38 - 00043002 - 00000000000001000011000000000010 - sw t0, t1
   39 - 00081104 - 00000000000010000001000100000100 - addi t0, zero, 4
   40 - FFFE6304 - 11111111111111100110001100000100 - addi sp, sp, -1
   41 - 00046002 - 00000000000001000110000000000010 - sw t0, sp
   42 - 00001104 - 00000000000000000001000100000100 - addi t0, zero, 0
   43 - FFFE6304 - 11111111111111100110001100000100 - addi sp, sp, -1
   44 - 00046002 - 00000000000001000110000000000010 - sw t0, sp
   45 - 80000101 - 10000000000000000000000100000001 - lui t0, -524288
   46 - 00002104 - 00000000000000000010000100000100 - addi t0, t0, 0
   47 - FFFE6304 - 11111111111111100110001100000100 - addi sp, sp, -1
   48 - 00046002 - 00000000000001000110000000000010 - sw t0, sp
   49 - 00006103 - 00000000000000000110000100000011 - lw t0, sp, 0
   50 - 00026304 - 00000000000000100110001100000100 - addi sp, sp, 1
   51 - 00006183 - 00000000000000000110000110000011 - lw t1, sp, 0
   52 - 00026304 - 00000000000000100110001100000100 - addi sp, sp, 1
   53 - 00006203 - 00000000000000000110001000000011 - lw t2, sp, 0
   54 - 00026304 - 00000000000000100110001100000100 - addi sp, sp, 1
   55 - 00044002 - 00000000000001000100000000000010 - sw t0, t2
   56 - 00024204 - 00000000000000100100001000000100 - addi t2, t2, 1
   57 - 00064002 - 00000000000001100100000000000010 - sw t1, t2
   58 - 00081104 - 00000000000010000001000100000100 - addi t0, zero, 4
   59 - FFFE6304 - 11111111111111100110001100000100 - addi sp, sp, -1
   60 - 00046002 - 00000000000001000110000000000010 - sw t0, sp
   61 - 00006203 - 00000000000000000110001000000011 - lw t2, sp, 0
   62 - 00026304 - 00000000000000100110001100000100 - addi sp, sp, 1
   63 - 00004103 - 00000000000000000100000100000011 - lw t0, t2, 0
   64 - 00024204 - 00000000000000100100001000000100 - addi t2, t2, 1
   65 - 00004183 - 00000000000000000100000110000011 - lw t1, t2, 0
   66 - FFFE6304 - 11111111111111100110001100000100 - addi sp, sp, -1
   67 - 00066002 - 00000000000001100110000000000010 - sw t1, sp
   68 - FFFE6304 - 11111111111111100110001100000100 - addi sp, sp, -1
   69 - 00046002 - 00000000000001000110000000000010 - sw t0, sp
   70 - 00006103 - 00000000000000000110000100000011 - lw t0, sp, 0
   71 - 00026304 - 00000000000000100110001100000100 - addi sp, sp, 1
   72 - 00021184 - 00000000000000100001000110000100 - addi t1, zero, 1
   73 - 00043002 - 00000000000001000011000000000010 - sw t0, t1
   74 - 00006103 - 00000000000000000110000100000011 - lw t0, sp, 0
   75 - 00026304 - 00000000000000100110001100000100 - addi sp, sp, 1
   76 - 00021184 - 00000000000000100001000110000100 - addi t1, zero, 1
   77 - 00043002 - 00000000000001000011000000000010 - sw t0, t1
   78 - 80000101 - 10000000000000000000000100000001 - lui t0, -524288
   79 - FFFE2104 - 11111111111111100010000100000100 - addi t0, t0, -1
   80 - FFFE6304 - 11111111111111100110001100000100 - addi sp, sp, -1
   81 - 00046002 - 00000000000001000110000000000010 - sw t0, sp
   82 - 00001104 - 00000000000000000001000100000100 - addi t0, zero, 0
   83 - FFFE6304 - 11111111111111100110001100000100 - addi sp, sp, -1
   84 - 00046002 - 00000000000001000110000000000010 - sw t0, sp
   85 - 00021104 - 00000000000000100001000100000100 - addi t0, zero, 1
   86 - FFFE6304 - 11111111111111100110001100000100 - addi sp, sp, -1
   87 - 00046002 - 00000000000001000110000000000010 - sw t0, sp
   88 - 00001104 - 00000000000000000001000100000100 - addi t0, zero, 0
   89 - FFFE6304 - 11111111111111100110001100000100 - addi sp, sp, -1
   90 - 00046002 - 00000000000001000110000000000010 - sw t0, sp
   91 - 00006103 - 00000000000000000110000100000011 - lw t0, sp, 0
   92 - 00026304 - 00000000000000100110001100000100 - addi sp, sp, 1
   93 - 00006183 - 00000000000000000110000110000011 - lw t1, sp, 0
   94 - 00026304 - 00000000000000100110001100000100 - addi sp, sp, 1
   95 - 00006203 - 00000000000000000110001000000011 - lw t2, sp, 0
   96 - 00026304 - 00000000000000100110001100000100 - addi sp, sp, 1
   97 - 00006283 - 00000000000000000110001010000011 - lw t3, sp, 0
   98 - 00026304 - 00000000000000100110001100000100 - addi sp, sp, 1
   99 - 00044105 - 00000000000001000100000100000101 - add t0, t2, t0
  100 - 00065206 - 00000000000001100101001000000110 - adc t2, t3, t1
  101 - 00044105 - 00000000000001000100000100000101 - add t0, t2, t0
  102 - 00065185 - 00000000000001100101000110000101 - add t1, t3, t1
  103 - FFFE6304 - 11111111111111100110001100000100 - addi sp, sp, -1
  104 - 00066002 - 00000000000001100110000000000010 - sw t1, sp
  105 - FFFE6304 - 11111111111111100110001100000100 - addi sp, sp, -1
  106 - 00046002 - 00000000000001000110000000000010 - sw t0, sp
  107 - 00006103 - 00000000000000000110000100000011 - lw t0, sp, 0
  108 - 00026304 - 00000000000000100110001100000100 - addi sp, sp, 1
  109 - 00021184 - 00000000000000100001000110000100 - addi t1, zero, 1
  110 - 00043002 - 00000000000001000011000000000010 - sw t0, t1
  111 - 00006103 - 00000000000000000110000100000011 - lw t0, sp, 0
  112 - 00026304 - 00000000000000100110001100000100 - addi sp, sp, 1
  113 - 00021184 - 00000000000000100001000110000100 - addi t1, zero, 1
  114 - 00043002 - 00000000000001000011000000000010 - sw t0, t1
  115 - 80000101 - 10000000000000000000000100000001 - lui t0, -524288
  116 - 00002104 - 00000000000000000010000100000100 - addi t0, t0, 0
  117 - FFFE6304 - 11111111111111100110001100000100 - addi sp, sp, -1
  118 - 00046002 - 00000000000001000110000000000010 - sw t0, sp
  119 - FFFE1104 - 11111111111111100001000100000100 - addi t0, zero, -1
  120 - FFFE6304 - 11111111111111100110001100000100 - addi sp, sp, -1
  121 - 00046002 - 00000000000001000110000000000010 - sw t0, sp
  122 - 00021104 - 00000000000000100001000100000100 - addi t0, zero, 1
  123 - FFFE6304 - 11111111111111100110001100000100 - addi sp, sp, -1
  124 - 00046002 - 00000000000001000110000000000010 - sw t0, sp
  125 - 00001104 - 00000000000000000001000100000100 - addi t0, zero, 0
  126 - FFFE6304 - 11111111111111100110001100000100 - addi sp, sp, -1
  127 - 00046002 - 00000000000001000110000000000010 - sw t0, sp
  128 - 00006103 - 00000000000000000110000100000011 - lw t0, sp, 0
  129 - 00026304 - 00000000000000100110001100000100 - addi sp, sp, 1
  130 - 00006183 - 00000000000000000110000110000011 - lw t1, sp, 0
  131 - 00026304 - 00000000000000100110001100000100 - addi sp, sp, 1
  132 - FFFE1204 - 11111111111111100001001000000100 - addi t2, zero, -1
  133 - 00044110 - 00000000000001000100000100010000 - xor t0, t2, t0
  134 - 00064190 - 00000000000001100100000110010000 - xor t1, t2, t1
  135 - 00021284 - 00000000000000100001001010000100 - addi t3, zero, 1
  136 - 00065206 - 00000000000001100101001000000110 - adc t2, t3, t1
  137 - 00044105 - 00000000000001000100000100000101 - add t0, t2, t0
  138 - 00065185 - 00000000000001100101000110000101 - add t1, t3, t1
  139 - 00006203 - 00000000000000000110001000000011 - lw t2, sp, 0
  140 - 00026304 - 00000000000000100110001100000100 - addi sp, sp, 1
  141 - 00006283 - 00000000000000000110001010000011 - lw t3, sp, 0
  142 - 00026304 - 00000000000000100110001100000100 - addi sp, sp, 1
  143 - 00044105 - 00000000000001000100000100000101 - add t0, t2, t0
  144 - 00065206 - 00000000000001100101001000000110 - adc t2, t3, t1
  145 - 00044105 - 00000000000001000100000100000101 - add t0, t2, t0
  146 - 00065185 - 00000000000001100101000110000101 - add t1, t3, t1
  147 - FFFE6304 - 11111111111111100110001100000100 - addi sp, sp, -1
  148 - 00066002 - 00000000000001100110000000000010 - sw t1, sp
  149 - FFFE6304 - 11111111111111100110001100000100 - addi sp, sp, -1
  150 - 00046002 - 00000000000001000110000000000010 - sw t0, sp
  151 - 00006103 - 00000000000000000110000100000011 - lw t0, sp, 0
  152 - 00026304 - 00000000000000100110001100000100 - addi sp, sp, 1
  153 - 00021184 - 00000000000000100001000110000100 - addi t1, zero, 1
  154 - 00043002 - 00000000000001000011000000000010 - sw t0, t1
  155 - 00006103 - 00000000000000000110000100000011 - lw t0, sp, 0
  156 - 00026304 - 00000000000000100110001100000100 - addi sp, sp, 1
  157 - 00021184 - 00000000000000100001000110000100 - addi t1, zero, 1
  158 - 00043002 - 00000000000001000011000000000010 - sw t0, t1
  159 - 80000101 - 10000000000000000000000100000001 - lui t0, -524288
  160 - 00002104 - 00000000000000000010000100000100 - addi t0, t0, 0
  161 - FFFE6304 - 11111111111111100110001100000100 - addi sp, sp, -1
  162 - 00046002 - 00000000000001000110000000000010 - sw t0, sp
  163 - 00001104 - 00000000000000000001000100000100 - addi t0, zero, 0
  164 - FFFE6304 - 11111111111111100110001100000100 - addi sp, sp, -1
  165 - 00046002 - 00000000000001000110000000000010 - sw t0, sp
  166 - 80000101 - 10000000000000000000000100000001 - lui t0, -524288
  167 - 00002104 - 00000000000000000010000100000100 - addi t0, t0, 0
  168 - FFFE6304 - 11111111111111100110001100000100 - addi sp, sp, -1
  169 - 00046002 - 00000000000001000110000000000010 - sw t0, sp
  170 - 00001104 - 00000000000000000001000100000100 - addi t0, zero, 0
  171 - FFFE6304 - 11111111111111100110001100000100 - addi sp, sp, -1
  172 - 00046002 - 00000000000001000110000000000010 - sw t0, sp
  173 - 00006103 - 00000000000000000110000100000011 - lw t0, sp, 0
  174 - 00026304 - 00000000000000100110001100000100 - addi sp, sp, 1
  175 - 00006183 - 00000000000000000110000110000011 - lw t1, sp, 0
  176 - 00026304 - 00000000000000100110001100000100 - addi sp, sp, 1
  177 - FFFE1204 - 11111111111111100001001000000100 - addi t2, zero, -1
  178 - 00044110 - 00000000000001000100000100010000 - xor t0, t2, t0
  179 - 00064190 - 00000000000001100100000110010000 - xor t1, t2, t1
  180 - 00021284 - 00000000000000100001001010000100 - addi t3, zero, 1
  181 - 00065206 - 00000000000001100101001000000110 - adc t2, t3, t1
  182 - 00044105 - 00000000000001000100000100000101 - add t0, t2, t0
  183 - 00065185 - 00000000000001100101000110000101 - add t1, t3, t1
  184 - 00006203 - 00000000000000000110001000000011 - lw t2, sp, 0
  185 - 00026304 - 00000000000000100110001100000100 - addi sp, sp, 1
  186 - 00006283 - 00000000000000000110001010000011 - lw t3, sp, 0
  187 - 00026304 - 00000000000000100110001100000100 - addi sp, sp, 1
  188 - 00044105 - 00000000000001000100000100000101 - add t0, t2, t0
  189 - 00065206 - 00000000000001100101001000000110 - adc t2, t3, t1
  190 - 00044105 - 00000000000001000100000100000101 - add t0, t2, t0
  191 - 00065185 - 00000000000001100101000110000101 - add t1, t3, t1
  192 - FFFE6304 - 11111111111111100110001100000100 - addi sp, sp, -1
  193 - 00066002 - 00000000000001100110000000000010 - sw t1, sp
  194 - FFFE6304 - 11111111111111100110001100000100 - addi sp, sp, -1
  195 - 00046002 - 00000000000001000110000000000010 - sw t0, sp
  196 - 00006103 - 00000000000000000110000100000011 - lw t0, sp, 0
  197 - 00026304 - 00000000000000100110001100000100 - addi sp, sp, 1
  198 - 00021184 - 00000000000000100001000110000100 - addi t1, zero, 1
  199 - 00043002 - 00000000000001000011000000000010 - sw t0, t1
  200 - 00006103 - 00000000000000000110000100000011 - lw t0, sp, 0
  201 - 00026304 - 00000000000000100110001100000100 - addi sp, sp, 1
  202 - 00021184 - 00000000000000100001000110000100 - addi t1, zero, 1
  203 - 00043002 - 00000000000001000011000000000010 - sw t0, t1
  204 - 40000101 - 01000000000000000000000100000001 - lui t0, 262144
  205 - 00002104 - 00000000000000000010000100000100 - addi t0, t0, 0
  206 - FFFE6304 - 11111111111111100110001100000100 - addi sp, sp, -1
  207 - 00046002 - 00000000000001000110000000000010 - sw t0, sp
  208 - 00081104 - 00000000000010000001000100000100 - addi t0, zero, 4
  209 - FFFE6304 - 11111111111111100110001100000100 - addi sp, sp, -1
  210 - 00046002 - 00000000000001000110000000000010 - sw t0, sp
  211 - 00006103 - 00000000000000000110000100000011 - lw t0, sp, 0
  212 - 00026304 - 00000000000000100110001100000100 - addi sp, sp, 1
  213 - 00006183 - 00000000000000000110000110000011 - lw t1, sp, 0
  214 - 00026304 - 00000000000000100110001100000100 - addi sp, sp, 1
  215 - 00043208 - 00000000000001000011001000001000 - mul t2, t1, t0
  216 - 00043289 - 00000000000001000011001010001001 - mulh t3, t1, t0
  217 - FFFE6304 - 11111111111111100110001100000100 - addi sp, sp, -1
  218 - 00086002 - 00000000000010000110000000000010 - sw t2, sp
  219 - FFFE6304 - 11111111111111100110001100000100 - addi sp, sp, -1
  220 - 000A6002 - 00000000000010100110000000000010 - sw t3, sp
  221 - 00006103 - 00000000000000000110000100000011 - lw t0, sp, 0
  222 - 00026304 - 00000000000000100110001100000100 - addi sp, sp, 1
  223 - 00021184 - 00000000000000100001000110000100 - addi t1, zero, 1
  224 - 00043002 - 00000000000001000011000000000010 - sw t0, t1
  225 - 00006103 - 00000000000000000110000100000011 - lw t0, sp, 0
  226 - 00026304 - 00000000000000100110001100000100 - addi sp, sp, 1
  227 - 00021184 - 00000000000000100001000110000100 - addi t1, zero, 1
  228 - 00043002 - 00000000000001000011000000000010 - sw t0, t1
  229 - 80000101 - 10000000000000000000000100000001 - lui t0, -524288
  230 - 00002104 - 00000000000000000010000100000100 - addi t0, t0, 0
  231 - FFFE6304 - 11111111111111100110001100000100 - addi sp, sp, -1
  232 - 00046002 - 00000000000001000110000000000010 - sw t0, sp
  233 - 00041104 - 00000000000001000001000100000100 - addi t0, zero, 2
  234 - FFFE6304 - 11111111111111100110001100000100 - addi sp, sp, -1
  235 - 00046002 - 00000000000001000110000000000010 - sw t0, sp
  236 - 00006103 - 00000000000000000110000100000011 - lw t0, sp, 0
  237 - 00026304 - 00000000000000100110001100000100 - addi sp, sp, 1
  238 - 00006183 - 00000000000000000110000110000011 - lw t1, sp, 0
  239 - 00026304 - 00000000000000100110001100000100 - addi sp, sp, 1
  240 - 00043208 - 00000000000001000011001000001000 - mul t2, t1, t0
  241 - 00043289 - 00000000000001000011001010001001 - mulh t3, t1, t0
  242 - FFFE6304 - 11111111111111100110001100000100 - addi sp, sp, -1
  243 - 00086002 - 00000000000010000110000000000010 - sw t2, sp
  244 - FFFE6304 - 11111111111111100110001100000100 - addi sp, sp, -1
  245 - 000A6002 - 00000000000010100110000000000010 - sw t3, sp
  246 - 00006103 - 00000000000000000110000100000011 - lw t0, sp, 0
  247 - 00026304 - 00000000000000100110001100000100 - addi sp, sp, 1
  248 - 00021184 - 00000000000000100001000110000100 - addi t1, zero, 1
  249 - 00043002 - 00000000000001000011000000000010 - sw t0, t1
  250 - 00006103 - 00000000000000000110000100000011 - lw t0, sp, 0
  251 - 00026304 - 00000000000000100110001100000100 - addi sp, sp, 1
  252 - 00021184 - 00000000000000100001000110000100 - addi t1, zero, 1
  253 - 00043002 - 00000000000001000011000000000010 - sw t0, t1
  254 - 80000101 - 10000000000000000000000100000001 - lui t0, -524288
  255 - 00002104 - 00000000000000000010000100000100 - addi t0, t0, 0
  256 - FFFE6304 - 11111111111111100110001100000100 - addi sp, sp, -1
  257 - 00046002 - 00000000000001000110000000000010 - sw t0, sp
  258 - FFFC1104 - 11111111111111000001000100000100 - addi t0, zero, -2
  259 - FFFE6304 - 11111111111111100110001100000100 - addi sp, sp, -1
  260 - 00046002 - 00000000000001000110000000000010 - sw t0, sp
  261 - 00006103 - 00000000000000000110000100000011 - lw t0, sp, 0
  262 - 00026304 - 00000000000000100110001100000100 - addi sp, sp, 1
  263 - 00006183 - 00000000000000000110000110000011 - lw t1, sp, 0
  264 - 00026304 - 00000000000000100110001100000100 - addi sp, sp, 1
  265 - 00043208 - 00000000000001000011001000001000 - mul t2, t1, t0
  266 - 00043289 - 00000000000001000011001010001001 - mulh t3, t1, t0
  267 - FFFE6304 - 11111111111111100110001100000100 - addi sp, sp, -1
  268 - 00086002 - 00000000000010000110000000000010 - sw t2, sp
  269 - FFFE6304 - 11111111111111100110001100000100 - addi sp, sp, -1
  270 - 000A6002 - 00000000000010100110000000000010 - sw t3, sp
  271 - 00006103 - 00000000000000000110000100000011 - lw t0, sp, 0
  272 - 00026304 - 00000000000000100110001100000100 - addi sp, sp, 1
  273 - 00021184 - 00000000000000100001000110000100 - addi t1, zero, 1
  274 - 00043002 - 00000000000001000011000000000010 - sw t0, t1
  275 - 00006103 - 00000000000000000110000100000011 - lw t0, sp, 0
  276 - 00026304 - 00000000000000100110001100000100 - addi sp, sp, 1
  277 - 00021184 - 00000000000000100001000110000100 - addi t1, zero, 1
  278 - 00043002 - 00000000000001000011000000000010 - sw t0, t1
  279 - 00000017 - 00000000000000000000000000010111 - halt

out_data_hex: |2-
    3 - 00000000 - 00000000000000000000000000000000
    3 - 00000000 - 00000000000000000000000000000000
    5 - 00000000 - 00000000000000000000000000000000
    5 - 00000000 - 00000000000000000000000000000000

out_data: !!binary |
  AAAAAwAAAAAAAAADAAAAAAAAAAUAAAAAAAAABQAAAAA=
