in_source: |-
  2var biggest_dword                                  \ 2^63 - 1
  biggest_dword 9223372036854775807. 2store
  biggest_dword 2load print print

  2var smallest_dword                                 \ -2^63
  smallest_dword -9223372036854775808. 2store
  smallest_dword 2load print print

  2147483647. 1. 2+ print print                       \ (2^31 - 1) + 1

  -2147483648. 1. 2- print print                      \ (-2^31) - 1

  2147483648. 2147483648. 2- print print              \ (2^31) - (2^31)

  1073741824 4 2* print print                         \ (2^30) * 4

  -2147483648 2 2* print print                        \ (-2^31) * 2

  -2147483648 -2 2* print print                       \ (-2^31) * (-2)

in_stdin: |

out_instructions: !!binary |
  AAAAAAAAECIAAAAB///9ogAAAAIAAA0PAAAAA///+CIAAAAE///9ogAAAAUAAA0PAAAABoAAACAA
  AAAH///5IgAAAAj///2iAAAACQAADQ8AAAAKAAAFIQAAAAsAAA2iAAAADAAABUEAAAANAAANogAA
  AA4AAAVhAAAADwAADaIAAAAQAAALDwAAABEAAAtiAAAAEgAAEw8AAAATAAAQIgAAABT///2iAAAA
  FQAADQ8AAAAWAAAFYQAAABcAAA2iAAAAGAAAAyEAAAAZAAALYgAAABoAAANBAAAAG////aIAAAAc
  AAAVDwAAAB3///2iAAAAHgAADQ8AAAAfAAAFIQAAACAAAA2iAAAAIQAACEIAAAAiAAAKDwAAACMA
  AAUhAAAAJAAADaIAAAAlAAAIQgAAACYAAAoPAAAAJwAAICIAAAAo///9ogAAACkAAA0PAAAAKgAA
  ACIAAAAr///9ogAAACwAAA0PAAAALYAAACAAAAAuAAABIgAAAC////2iAAAAMAAADQ8AAAAxAAAF
  IQAAADIAAA2iAAAAMwAABUEAAAA0AAANogAAADUAAAVhAAAANgAADaIAAAA3AAALDwAAADgAAAti
  AAAAOQAAEw8AAAA6AAAgIgAAADv///2iAAAAPAAADQ8AAAA9AAAFYQAAAD4AAA2iAAAAPwAAAyEA
  AABAAAALYgAAAEEAAANBAAAAQv///aIAAABDAAAVDwAAAET///2iAAAARQAADQ8AAABGAAAFIQAA
  AEcAAA2iAAAASAAACEIAAABJAAAKDwAAAEoAAAUhAAAASwAADaIAAABMAAAIQgAAAE0AAAoPAAAA
  ToAAACAAAABP///5IgAAAFD///2iAAAAUQAADQ8AAABSAAAAIgAAAFP///2iAAAAVAAADQ8AAABV
  AAAIIgAAAFb///2iAAAAVwAADQ8AAABYAAAAIgAAAFn///2iAAAAWgAADQ8AAABbAAAFIQAAAFwA
  AA2iAAAAXQAABUEAAABeAAANogAAAF8AAAVhAAAAYAAADaIAAABhAAAFgQAAAGIAAA2iAAAAYwAA
  CyMAAABkAAAUZAAAAGUAAAsjAAAAZgAAFEMAAABn///9ogAAAGgAABUPAAAAaf///aIAAABqAAAN
  DwAAAGsAAAUhAAAAbAAADaIAAABtAAAIQgAAAG4AAAoPAAAAbwAABSEAAABwAAANogAAAHEAAAhC
  AAAAcgAACg8AAABzgAAAIAAAAHQAAAEiAAAAdf///aIAAAB2AAANDwAAAHf///giAAAAeP///aIA
  AAB5AAANDwAAAHoAAAgiAAAAe////aIAAAB8AAANDwAAAH0AAAAiAAAAfv///aIAAAB/AAANDwAA
  AIAAAAUhAAAAgQAADaIAAACCAAAFQQAAAIMAAA2iAAAAhP//+GIAAACFAAALLgAAAIYAABNOAAAA
  hwAACIIAAACIAAAUZAAAAIkAAAsjAAAAigAAFEMAAACLAAAFYQAAAIwAAA2iAAAAjQAABYEAAACO
  AAANogAAAI8AAAsjAAAAkAAAFGQAAACRAAALIwAAAJIAABRDAAAAk////aIAAACUAAAVDwAAAJX/
  //2iAAAAlgAADQ8AAACXAAAFIQAAAJgAAA2iAAAAmQAACEIAAACaAAAKDwAAAJsAAAUhAAAAnAAA
  DaIAAACdAAAIQgAAAJ4AAAoPAAAAn4AAACAAAACgAAABIgAAAKH///2iAAAAogAADQ8AAACjAAAA
  IgAAAKT///2iAAAApQAADQ8AAACmgAAAIAAAAKcAAAEiAAAAqP///aIAAACpAAANDwAAAKoAAAAi
  AAAAq////aIAAACsAAANDwAAAK0AAAUhAAAArgAADaIAAACvAAAFQQAAALAAAA2iAAAAsf//+GIA
  AACyAAALLgAAALMAABNOAAAAtAAACIIAAAC1AAAUZAAAALYAAAsjAAAAtwAAFEMAAAC4AAAFYQAA
  ALkAAA2iAAAAugAABYEAAAC7AAANogAAALwAAAsjAAAAvQAAFGQAAAC+AAALIwAAAL8AABRDAAAA
  wP///aIAAADBAAAVDwAAAML///2iAAAAwwAADQ8AAADEAAAFIQAAAMUAAA2iAAAAxgAACEIAAADH
  AAAKDwAAAMgAAAUhAAAAyQAADaIAAADKAAAIQgAAAMsAAAoPAAAAzEAAACAAAADNAAABIgAAAM7/
  //2iAAAAzwAADQ8AAADQAAAgIgAAANH///2iAAAA0gAADQ8AAADTAAAFIQAAANQAAA2iAAAA1QAA
  BUEAAADWAAANogAAANcAAApmAAAA2AAACocAAADZ///9ogAAANoAAB0PAAAA2////aIAAADcAAAl
  DwAAAN0AAAUhAAAA3gAADaIAAADfAAAIQgAAAOAAAAoPAAAA4QAABSEAAADiAAANogAAAOMAAAhC
  AAAA5AAACg8AAADlgAAAIAAAAOYAAAEiAAAA5////aIAAADoAAANDwAAAOkAABAiAAAA6v///aIA
  AADrAAANDwAAAOwAAAUhAAAA7QAADaIAAADuAAAFQQAAAO8AAA2iAAAA8AAACmYAAADxAAAKhwAA
  APL///2iAAAA8wAAHQ8AAAD0///9ogAAAPUAACUPAAAA9gAABSEAAAD3AAANogAAAPgAAAhCAAAA
  +QAACg8AAAD6AAAFIQAAAPsAAA2iAAAA/AAACEIAAAD9AAAKDwAAAP6AAAAgAAAA/wAAASIAAAEA
  ///9ogAAAQEAAA0PAAABAv//8CIAAAED///9ogAAAQQAAA0PAAABBQAABSEAAAEGAAANogAAAQcA
  AAVBAAABCAAADaIAAAEJAAAKZgAAAQoAAAqHAAABC////aIAAAEMAAAdDwAAAQ3///2iAAABDgAA
  JQ8AAAEPAAAFIQAAARAAAA2iAAABEQAACEIAAAESAAAKDwAAARMAAAUhAAABFAAADaIAAAEVAAAI
  QgAAARYAAAoPAAABFwAAABY=

out_stdout: |
  source LoC: 19 code instr: 280
  ============================================================
  output_buffer_str:
  ����������������
  output_buffer_num:
  [2147483647, -1, -2147483648, 0, 0, -2147483648, -1, 2147483647, 0, 0, 1, 0, -1, 0, 1, 0]

out_log: |-
  DEBUG   machine:simulation    STATE: NORMAL	TICK:   0 PC:   0/0 ADDR:   0 MEM_OUT:   0 T0:   0 T1:   0 T2:   0 T3:   0 SP: 1000 	addi t0, zero, 2
  DEBUG   machine:simulation    STATE: NORMAL	TICK:   1 PC:   1/0 ADDR:   0 MEM_OUT:   0 T0:   2 T1:   0 T2:   0 T3:   0 SP: 1000 	addi sp, sp, -1
  DEBUG   machine:simulation    STATE: NORMAL	TICK:   2 PC:   2/0 ADDR:   0 MEM_OUT:   0 T0:   2 T1:   0 T2:   0 T3:   0 SP: 999 	sw sp, t0, 0
  DEBUG   machine:simulation    STATE: NORMAL	TICK:   3 PC:   2/1 ADDR: 999 MEM_OUT:   0 T0:   2 T1:   0 T2:   0 T3:   0 SP: 999 	sw sp, t0, 0
  DEBUG   machine:simulation    STATE: NORMAL	TICK:   4 PC:   3/0 ADDR: 999 MEM_OUT:   2 T0:   2 T1:   0 T2:   0 T3:   0 SP: 999 	addi t0, zero, -1
  DEBUG   machine:simulation    STATE: NORMAL	TICK:   5 PC:   4/0 ADDR: 999 MEM_OUT:   2 T0:  -1 T1:   0 T2:   0 T3:   0 SP: 999 	addi sp, sp, -1
  DEBUG   machine:simulation    STATE: NORMAL	TICK:   6 PC:   5/0 ADDR: 999 MEM_OUT:   2 T0:  -1 T1:   0 T2:   0 T3:   0 SP: 998 	sw sp, t0, 0
  DEBUG   machine:simulation    STATE: NORMAL	TICK:   7 PC:   5/1 ADDR: 998 MEM_OUT:   0 T0:  -1 T1:   0 T2:   0 T3:   0 SP: 998 	sw sp, t0, 0
  DEBUG   machine:simulation    STATE: NORMAL	TICK:   8 PC:   6/0 ADDR: 998 MEM_OUT:  -1 T0:  -1 T1:   0 T2:   0 T3:   0 SP: 998 	lui t0, -8388608
  DEBUG   machine:simulation    STATE: NORMAL	TICK:   9 PC:   7/0 ADDR: 998 MEM_OUT:  -1 T0: -2147483648 T1:   0 T2:   0 T3:   0 SP: 998 	addi t0, t0, -1
  DEBUG   machine:simulation    STATE: NORMAL	TICK:  10 PC:   8/0 ADDR: 998 MEM_OUT:  -1 T0: 2147483647 T1:   0 T2:   0 T3:   0 SP: 998 	addi sp, sp, -1
  DEBUG   machine:simulation    STATE: NORMAL	TICK:  11 PC:   9/0 ADDR: 998 MEM_OUT:  -1 T0: 2147483647 T1:   0 T2:   0 T3:   0 SP: 997 	sw sp, t0, 0
  DEBUG   machine:simulation    STATE: NORMAL	TICK:  12 PC:   9/1 ADDR: 997 MEM_OUT:   0 T0: 2147483647 T1:   0 T2:   0 T3:   0 SP: 997 	sw sp, t0, 0
  DEBUG   machine:simulation    STATE: NORMAL	TICK:  13 PC:  10/0 ADDR: 997 MEM_OUT: 2147483647 T0: 2147483647 T1:   0 T2:   0 T3:   0 SP: 997 	lw t0, sp, 0
  DEBUG   machine:simulation    STATE: NORMAL	TICK:  14 PC:  10/1 ADDR: 997 MEM_OUT: 2147483647 T0: 2147483647 T1:   0 T2:   0 T3:   0 SP: 997 	lw t0, sp, 0
  DEBUG   machine:simulation    STATE: NORMAL	TICK:  15 PC:  11/0 ADDR: 997 MEM_OUT: 2147483647 T0: 2147483647 T1:   0 T2:   0 T3:   0 SP: 997 	addi sp, sp, 1
  DEBUG   machine:simulation    STATE: NORMAL	TICK:  16 PC:  12/0 ADDR: 997 MEM_OUT: 2147483647 T0: 2147483647 T1:   0 T2:   0 T3:   0 SP: 998 	lw t1, sp, 0
  DEBUG   machine:simulation    STATE: NORMAL	TICK:  17 PC:  12/1 ADDR: 998 MEM_OUT:  -1 T0: 2147483647 T1:   0 T2:   0 T3:   0 SP: 998 	lw t1, sp, 0
  DEBUG   machine:simulation    STATE: NORMAL	TICK:  18 PC:  13/0 ADDR: 998 MEM_OUT:  -1 T0: 2147483647 T1:  -1 T2:   0 T3:   0 SP: 998 	addi sp, sp, 1
  DEBUG   machine:simulation    STATE: NORMAL	TICK:  19 PC:  14/0 ADDR: 998 MEM_OUT:  -1 T0: 2147483647 T1:  -1 T2:   0 T3:   0 SP: 999 	lw t2, sp, 0
  DEBUG   machine:simulation    STATE: NORMAL	TICK:  20 PC:  14/1 ADDR: 999 MEM_OUT:   2 T0: 2147483647 T1:  -1 T2:   0 T3:   0 SP: 999 	lw t2, sp, 0
  DEBUG   machine:simulation    STATE: NORMAL	TICK:  21 PC:  15/0 ADDR: 999 MEM_OUT:   2 T0: 2147483647 T1:  -1 T2:   2 T3:   0 SP: 999 	addi sp, sp, 1
  DEBUG   machine:simulation    STATE: NORMAL	TICK:  22 PC:  16/0 ADDR: 999 MEM_OUT:   2 T0: 2147483647 T1:  -1 T2:   2 T3:   0 SP: 1000 	sw t2, t0, 0
  DEBUG   machine:simulation    STATE: NORMAL	TICK:  23 PC:  16/1 ADDR:   2 MEM_OUT:   0 T0: 2147483647 T1:  -1 T2:   2 T3:   0 SP: 1000 	sw t2, t0, 0
  DEBUG   machine:simulation    STATE: NORMAL	TICK:  24 PC:  17/0 ADDR:   2 MEM_OUT: 2147483647 T0: 2147483647 T1:  -1 T2:   2 T3:   0 SP: 1000 	addi t2, t2, 1
  DEBUG   machine:simulation    STATE: NORMAL	TICK:  25 PC:  18/0 ADDR:   2 MEM_OUT: 2147483647 T0: 2147483647 T1:  -1 T2:   3 T3:   0 SP: 1000 	sw t2, t1, 0
  DEBUG   machine:simulation    STATE: NORMAL	TICK:  26 PC:  18/1 ADDR:   3 MEM_OUT:   0 T0: 2147483647 T1:  -1 T2:   3 T3:   0 SP: 100EOF

out_instructions_hex: |2-
    0 - 00001022 - 00000000000000000001000000100010 - addi t0, zero, 2
    1 - FFFFFDA2 - 11111111111111111111110110100010 - addi sp, sp, -1
    2 - 00000D0F - 00000000000000000000110100001111 - sw sp, t0, 0
    3 - FFFFF822 - 11111111111111111111100000100010 - addi t0, zero, -1
    4 - FFFFFDA2 - 11111111111111111111110110100010 - addi sp, sp, -1
    5 - 00000D0F - 00000000000000000000110100001111 - sw sp, t0, 0
    6 - 80000020 - 10000000000000000000000000100000 - lui t0, -8388608
    7 - FFFFF922 - 11111111111111111111100100100010 - addi t0, t0, -1
    8 - FFFFFDA2 - 11111111111111111111110110100010 - addi sp, sp, -1
    9 - 00000D0F - 00000000000000000000110100001111 - sw sp, t0, 0
   10 - 00000521 - 00000000000000000000010100100001 - lw t0, sp, 0
   11 - 00000DA2 - 00000000000000000000110110100010 - addi sp, sp, 1
   12 - 00000541 - 00000000000000000000010101000001 - lw t1, sp, 0
   13 - 00000DA2 - 00000000000000000000110110100010 - addi sp, sp, 1
   14 - 00000561 - 00000000000000000000010101100001 - lw t2, sp, 0
   15 - 00000DA2 - 00000000000000000000110110100010 - addi sp, sp, 1
   16 - 00000B0F - 00000000000000000000101100001111 - sw t2, t0, 0
   17 - 00000B62 - 00000000000000000000101101100010 - addi t2, t2, 1
   18 - 0000130F - 00000000000000000001001100001111 - sw t2, t1, 0
   19 - 00001022 - 00000000000000000001000000100010 - addi t0, zero, 2
   20 - FFFFFDA2 - 11111111111111111111110110100010 - addi sp, sp, -1
   21 - 00000D0F - 00000000000000000000110100001111 - sw sp, t0, 0
   22 - 00000561 - 00000000000000000000010101100001 - lw t2, sp, 0
   23 - 00000DA2 - 00000000000000000000110110100010 - addi sp, sp, 1
   24 - 00000321 - 00000000000000000000001100100001 - lw t0, t2, 0
   25 - 00000B62 - 00000000000000000000101101100010 - addi t2, t2, 1
   26 - 00000341 - 00000000000000000000001101000001 - lw t1, t2, 0
   27 - FFFFFDA2 - 11111111111111111111110110100010 - addi sp, sp, -1
   28 - 0000150F - 00000000000000000001010100001111 - sw sp, t1, 0
   29 - FFFFFDA2 - 11111111111111111111110110100010 - addi sp, sp, -1
   30 - 00000D0F - 00000000000000000000110100001111 - sw sp, t0, 0
   31 - 00000521 - 00000000000000000000010100100001 - lw t0, sp, 0
   32 - 00000DA2 - 00000000000000000000110110100010 - addi sp, sp, 1
   33 - 00000842 - 00000000000000000000100001000010 - addi t1, zero, 1
   34 - 00000A0F - 00000000000000000000101000001111 - sw t1, t0, 0
   35 - 00000521 - 00000000000000000000010100100001 - lw t0, sp, 0
   36 - 00000DA2 - 00000000000000000000110110100010 - addi sp, sp, 1
   37 - 00000842 - 00000000000000000000100001000010 - addi t1, zero, 1
   38 - 00000A0F - 00000000000000000000101000001111 - sw t1, t0, 0
   39 - 00002022 - 00000000000000000010000000100010 - addi t0, zero, 4
   40 - FFFFFDA2 - 11111111111111111111110110100010 - addi sp, sp, -1
   41 - 00000D0F - 00000000000000000000110100001111 - sw sp, t0, 0
   42 - 00000022 - 00000000000000000000000000100010 - addi t0, zero, 0
   43 - FFFFFDA2 - 11111111111111111111110110100010 - addi sp, sp, -1
   44 - 00000D0F - 00000000000000000000110100001111 - sw sp, t0, 0
   45 - 80000020 - 10000000000000000000000000100000 - lui t0, -8388608
   46 - 00000122 - 00000000000000000000000100100010 - addi t0, t0, 0
   47 - FFFFFDA2 - 11111111111111111111110110100010 - addi sp, sp, -1
   48 - 00000D0F - 00000000000000000000110100001111 - sw sp, t0, 0
   49 - 00000521 - 00000000000000000000010100100001 - lw t0, sp, 0
   50 - 00000DA2 - 00000000000000000000110110100010 - addi sp, sp, 1
   51 - 00000541 - 00000000000000000000010101000001 - lw t1, sp, 0
   52 - 00000DA2 - 00000000000000000000110110100010 - addi sp, sp, 1
   53 - 00000561 - 00000000000000000000010101100001 - lw t2, sp, 0
   54 - 00000DA2 - 00000000000000000000110110100010 - addi sp, sp, 1
   55 - 00000B0F - 00000000000000000000101100001111 - sw t2, t0, 0
   56 - 00000B62 - 00000000000000000000101101100010 - addi t2, t2, 1
   57 - 0000130F - 00000000000000000001001100001111 - sw t2, t1, 0
   58 - 00002022 - 00000000000000000010000000100010 - addi t0, zero, 4
   59 - FFFFFDA2 - 11111111111111111111110110100010 - addi sp, sp, -1
   60 - 00000D0F - 00000000000000000000110100001111 - sw sp, t0, 0
   61 - 00000561 - 00000000000000000000010101100001 - lw t2, sp, 0
   62 - 00000DA2 - 00000000000000000000110110100010 - addi sp, sp, 1
   63 - 00000321 - 00000000000000000000001100100001 - lw t0, t2, 0
   64 - 00000B62 - 00000000000000000000101101100010 - addi t2, t2, 1
   65 - 00000341 - 00000000000000000000001101000001 - lw t1, t2, 0
   66 - FFFFFDA2 - 11111111111111111111110110100010 - addi sp, sp, -1
   67 - 0000150F - 00000000000000000001010100001111 - sw sp, t1, 0
   68 - FFFFFDA2 - 11111111111111111111110110100010 - addi sp, sp, -1
   69 - 00000D0F - 00000000000000000000110100001111 - sw sp, t0, 0
   70 - 00000521 - 00000000000000000000010100100001 - lw t0, sp, 0
   71 - 00000DA2 - 00000000000000000000110110100010 - addi sp, sp, 1
   72 - 00000842 - 00000000000000000000100001000010 - addi t1, zero, 1
   73 - 00000A0F - 00000000000000000000101000001111 - sw t1, t0, 0
   74 - 00000521 - 00000000000000000000010100100001 - lw t0, sp, 0
   75 - 00000DA2 - 00000000000000000000110110100010 - addi sp, sp, 1
   76 - 00000842 - 00000000000000000000100001000010 - addi t1, zero, 1
   77 - 00000A0F - 00000000000000000000101000001111 - sw t1, t0, 0
   78 - 80000020 - 10000000000000000000000000100000 - lui t0, -8388608
   79 - FFFFF922 - 11111111111111111111100100100010 - addi t0, t0, -1
   80 - FFFFFDA2 - 11111111111111111111110110100010 - addi sp, sp, -1
   81 - 00000D0F - 00000000000000000000110100001111 - sw sp, t0, 0
   82 - 00000022 - 00000000000000000000000000100010 - addi t0, zero, 0
   83 - FFFFFDA2 - 11111111111111111111110110100010 - addi sp, sp, -1
   84 - 00000D0F - 00000000000000000000110100001111 - sw sp, t0, 0
   85 - 00000822 - 00000000000000000000100000100010 - addi t0, zero, 1
   86 - FFFFFDA2 - 11111111111111111111110110100010 - addi sp, sp, -1
   87 - 00000D0F - 00000000000000000000110100001111 - sw sp, t0, 0
   88 - 00000022 - 00000000000000000000000000100010 - addi t0, zero, 0
   89 - FFFFFDA2 - 11111111111111111111110110100010 - addi sp, sp, -1
   90 - 00000D0F - 00000000000000000000110100001111 - sw sp, t0, 0
   91 - 00000521 - 00000000000000000000010100100001 - lw t0, sp, 0
   92 - 00000DA2 - 00000000000000000000110110100010 - addi sp, sp, 1
   93 - 00000541 - 00000000000000000000010101000001 - lw t1, sp, 0
   94 - 00000DA2 - 00000000000000000000110110100010 - addi sp, sp, 1
   95 - 00000561 - 00000000000000000000010101100001 - lw t2, sp, 0
   96 - 00000DA2 - 00000000000000000000110110100010 - addi sp, sp, 1
   97 - 00000581 - 00000000000000000000010110000001 - lw t3, sp, 0
   98 - 00000DA2 - 00000000000000000000110110100010 - addi sp, sp, 1
   99 - 00000B23 - 00000000000000000000101100100011 - add t0, t2, t0
  100 - 00001464 - 00000000000000000001010001100100 - adc t2, t3, t1
  101 - 00000B23 - 00000000000000000000101100100011 - add t0, t2, t0
  102 - 00001443 - 00000000000000000001010001000011 - add t1, t3, t1
  103 - FFFFFDA2 - 11111111111111111111110110100010 - addi sp, sp, -1
  104 - 0000150F - 00000000000000000001010100001111 - sw sp, t1, 0
  105 - FFFFFDA2 - 11111111111111111111110110100010 - addi sp, sp, -1
  106 - 00000D0F - 00000000000000000000110100001111 - sw sp, t0, 0
  107 - 00000521 - 00000000000000000000010100100001 - lw t0, sp, 0
  108 - 00000DA2 - 00000000000000000000110110100010 - addi sp, sp, 1
  109 - 00000842 - 00000000000000000000100001000010 - addi t1, zero, 1
  110 - 00000A0F - 00000000000000000000101000001111 - sw t1, t0, 0
  111 - 00000521 - 00000000000000000000010100100001 - lw t0, sp, 0
  112 - 00000DA2 - 00000000000000000000110110100010 - addi sp, sp, 1
  113 - 00000842 - 00000000000000000000100001000010 - addi t1, zero, 1
  114 - 00000A0F - 00000000000000000000101000001111 - sw t1, t0, 0
  115 - 80000020 - 10000000000000000000000000100000 - lui t0, -8388608
  116 - 00000122 - 00000000000000000000000100100010 - addi t0, t0, 0
  117 - FFFFFDA2 - 11111111111111111111110110100010 - addi sp, sp, -1
  118 - 00000D0F - 00000000000000000000110100001111 - sw sp, t0, 0
  119 - FFFFF822 - 11111111111111111111100000100010 - addi t0, zero, -1
  120 - FFFFFDA2 - 11111111111111111111110110100010 - addi sp, sp, -1
  121 - 00000D0F - 00000000000000000000110100001111 - sw sp, t0, 0
  122 - 00000822 - 00000000000000000000100000100010 - addi t0, zero, 1
  123 - FFFFFDA2 - 11111111111111111111110110100010 - addi sp, sp, -1
  124 - 00000D0F - 00000000000000000000110100001111 - sw sp, t0, 0
  125 - 00000022 - 00000000000000000000000000100010 - addi t0, zero, 0
  126 - FFFFFDA2 - 11111111111111111111110110100010 - addi sp, sp, -1
  127 - 00000D0F - 00000000000000000000110100001111 - sw sp, t0, 0
  128 - 00000521 - 00000000000000000000010100100001 - lw t0, sp, 0
  129 - 00000DA2 - 00000000000000000000110110100010 - addi sp, sp, 1
  130 - 00000541 - 00000000000000000000010101000001 - lw t1, sp, 0
  131 - 00000DA2 - 00000000000000000000110110100010 - addi sp, sp, 1
  132 - FFFFF862 - 11111111111111111111100001100010 - addi t2, zero, -1
  133 - 00000B2E - 00000000000000000000101100101110 - xor t0, t2, t0
  134 - 0000134E - 00000000000000000001001101001110 - xor t1, t2, t1
  135 - 00000882 - 00000000000000000000100010000010 - addi t3, zero, 1
  136 - 00001464 - 00000000000000000001010001100100 - adc t2, t3, t1
  137 - 00000B23 - 00000000000000000000101100100011 - add t0, t2, t0
  138 - 00001443 - 00000000000000000001010001000011 - add t1, t3, t1
  139 - 00000561 - 00000000000000000000010101100001 - lw t2, sp, 0
  140 - 00000DA2 - 00000000000000000000110110100010 - addi sp, sp, 1
  141 - 00000581 - 00000000000000000000010110000001 - lw t3, sp, 0
  142 - 00000DA2 - 00000000000000000000110110100010 - addi sp, sp, 1
  143 - 00000B23 - 00000000000000000000101100100011 - add t0, t2, t0
  144 - 00001464 - 00000000000000000001010001100100 - adc t2, t3, t1
  145 - 00000B23 - 00000000000000000000101100100011 - add t0, t2, t0
  146 - 00001443 - 00000000000000000001010001000011 - add t1, t3, t1
  147 - FFFFFDA2 - 11111111111111111111110110100010 - addi sp, sp, -1
  148 - 0000150F - 00000000000000000001010100001111 - sw sp, t1, 0
  149 - FFFFFDA2 - 11111111111111111111110110100010 - addi sp, sp, -1
  150 - 00000D0F - 00000000000000000000110100001111 - sw sp, t0, 0
  151 - 00000521 - 00000000000000000000010100100001 - lw t0, sp, 0
  152 - 00000DA2 - 00000000000000000000110110100010 - addi sp, sp, 1
  153 - 00000842 - 00000000000000000000100001000010 - addi t1, zero, 1
  154 - 00000A0F - 00000000000000000000101000001111 - sw t1, t0, 0
  155 - 00000521 - 00000000000000000000010100100001 - lw t0, sp, 0
  156 - 00000DA2 - 00000000000000000000110110100010 - addi sp, sp, 1
  157 - 00000842 - 00000000000000000000100001000010 - addi t1, zero, 1
  158 - 00000A0F - 00000000000000000000101000001111 - sw t1, t0, 0
  159 - 80000020 - 10000000000000000000000000100000 - lui t0, -8388608
  160 - 00000122 - 00000000000000000000000100100010 - addi t0, t0, 0
  161 - FFFFFDA2 - 11111111111111111111110110100010 - addi sp, sp, -1
  162 - 00000D0F - 00000000000000000000110100001111 - sw sp, t0, 0
  163 - 00000022 - 00000000000000000000000000100010 - addi t0, zero, 0
  164 - FFFFFDA2 - 11111111111111111111110110100010 - addi sp, sp, -1
  165 - 00000D0F - 00000000000000000000110100001111 - sw sp, t0, 0
  166 - 80000020 - 10000000000000000000000000100000 - lui t0, -8388608
  167 - 00000122 - 00000000000000000000000100100010 - addi t0, t0, 0
  168 - FFFFFDA2 - 11111111111111111111110110100010 - addi sp, sp, -1
  169 - 00000D0F - 00000000000000000000110100001111 - sw sp, t0, 0
  170 - 00000022 - 00000000000000000000000000100010 - addi t0, zero, 0
  171 - FFFFFDA2 - 11111111111111111111110110100010 - addi sp, sp, -1
  172 - 00000D0F - 00000000000000000000110100001111 - sw sp, t0, 0
  173 - 00000521 - 00000000000000000000010100100001 - lw t0, sp, 0
  174 - 00000DA2 - 00000000000000000000110110100010 - addi sp, sp, 1
  175 - 00000541 - 00000000000000000000010101000001 - lw t1, sp, 0
  176 - 00000DA2 - 00000000000000000000110110100010 - addi sp, sp, 1
  177 - FFFFF862 - 11111111111111111111100001100010 - addi t2, zero, -1
  178 - 00000B2E - 00000000000000000000101100101110 - xor t0, t2, t0
  179 - 0000134E - 00000000000000000001001101001110 - xor t1, t2, t1
  180 - 00000882 - 00000000000000000000100010000010 - addi t3, zero, 1
  181 - 00001464 - 00000000000000000001010001100100 - adc t2, t3, t1
  182 - 00000B23 - 00000000000000000000101100100011 - add t0, t2, t0
  183 - 00001443 - 00000000000000000001010001000011 - add t1, t3, t1
  184 - 00000561 - 00000000000000000000010101100001 - lw t2, sp, 0
  185 - 00000DA2 - 00000000000000000000110110100010 - addi sp, sp, 1
  186 - 00000581 - 00000000000000000000010110000001 - lw t3, sp, 0
  187 - 00000DA2 - 00000000000000000000110110100010 - addi sp, sp, 1
  188 - 00000B23 - 00000000000000000000101100100011 - add t0, t2, t0
  189 - 00001464 - 00000000000000000001010001100100 - adc t2, t3, t1
  190 - 00000B23 - 00000000000000000000101100100011 - add t0, t2, t0
  191 - 00001443 - 00000000000000000001010001000011 - add t1, t3, t1
  192 - FFFFFDA2 - 11111111111111111111110110100010 - addi sp, sp, -1
  193 - 0000150F - 00000000000000000001010100001111 - sw sp, t1, 0
  194 - FFFFFDA2 - 11111111111111111111110110100010 - addi sp, sp, -1
  195 - 00000D0F - 00000000000000000000110100001111 - sw sp, t0, 0
  196 - 00000521 - 00000000000000000000010100100001 - lw t0, sp, 0
  197 - 00000DA2 - 00000000000000000000110110100010 - addi sp, sp, 1
  198 - 00000842 - 00000000000000000000100001000010 - addi t1, zero, 1
  199 - 00000A0F - 00000000000000000000101000001111 - sw t1, t0, 0
  200 - 00000521 - 00000000000000000000010100100001 - lw t0, sp, 0
  201 - 00000DA2 - 00000000000000000000110110100010 - addi sp, sp, 1
  202 - 00000842 - 00000000000000000000100001000010 - addi t1, zero, 1
  203 - 00000A0F - 00000000000000000000101000001111 - sw t1, t0, 0
  204 - 40000020 - 01000000000000000000000000100000 - lui t0, 4194304
  205 - 00000122 - 00000000000000000000000100100010 - addi t0, t0, 0
  206 - FFFFFDA2 - 11111111111111111111110110100010 - addi sp, sp, -1
  207 - 00000D0F - 00000000000000000000110100001111 - sw sp, t0, 0
  208 - 00002022 - 00000000000000000010000000100010 - addi t0, zero, 4
  209 - FFFFFDA2 - 11111111111111111111110110100010 - addi sp, sp, -1
  210 - 00000D0F - 00000000000000000000110100001111 - sw sp, t0, 0
  211 - 00000521 - 00000000000000000000010100100001 - lw t0, sp, 0
  212 - 00000DA2 - 00000000000000000000110110100010 - addi sp, sp, 1
  213 - 00000541 - 00000000000000000000010101000001 - lw t1, sp, 0
  214 - 00000DA2 - 00000000000000000000110110100010 - addi sp, sp, 1
  215 - 00000A66 - 00000000000000000000101001100110 - mul t2, t1, t0
  216 - 00000A87 - 00000000000000000000101010000111 - mulh t3, t1, t0
  217 - FFFFFDA2 - 11111111111111111111110110100010 - addi sp, sp, -1
  218 - 00001D0F - 00000000000000000001110100001111 - sw sp, t2, 0
  219 - FFFFFDA2 - 11111111111111111111110110100010 - addi sp, sp, -1
  220 - 0000250F - 00000000000000000010010100001111 - sw sp, t3, 0
  221 - 00000521 - 00000000000000000000010100100001 - lw t0, sp, 0
  222 - 00000DA2 - 00000000000000000000110110100010 - addi sp, sp, 1
  223 - 00000842 - 00000000000000000000100001000010 - addi t1, zero, 1
  224 - 00000A0F - 00000000000000000000101000001111 - sw t1, t0, 0
  225 - 00000521 - 00000000000000000000010100100001 - lw t0, sp, 0
  226 - 00000DA2 - 00000000000000000000110110100010 - addi sp, sp, 1
  227 - 00000842 - 00000000000000000000100001000010 - addi t1, zero, 1
  228 - 00000A0F - 00000000000000000000101000001111 - sw t1, t0, 0
  229 - 80000020 - 10000000000000000000000000100000 - lui t0, -8388608
  230 - 00000122 - 00000000000000000000000100100010 - addi t0, t0, 0
  231 - FFFFFDA2 - 11111111111111111111110110100010 - addi sp, sp, -1
  232 - 00000D0F - 00000000000000000000110100001111 - sw sp, t0, 0
  233 - 00001022 - 00000000000000000001000000100010 - addi t0, zero, 2
  234 - FFFFFDA2 - 11111111111111111111110110100010 - addi sp, sp, -1
  235 - 00000D0F - 00000000000000000000110100001111 - sw sp, t0, 0
  236 - 00000521 - 00000000000000000000010100100001 - lw t0, sp, 0
  237 - 00000DA2 - 00000000000000000000110110100010 - addi sp, sp, 1
  238 - 00000541 - 00000000000000000000010101000001 - lw t1, sp, 0
  239 - 00000DA2 - 00000000000000000000110110100010 - addi sp, sp, 1
  240 - 00000A66 - 00000000000000000000101001100110 - mul t2, t1, t0
  241 - 00000A87 - 00000000000000000000101010000111 - mulh t3, t1, t0
  242 - FFFFFDA2 - 11111111111111111111110110100010 - addi sp, sp, -1
  243 - 00001D0F - 00000000000000000001110100001111 - sw sp, t2, 0
  244 - FFFFFDA2 - 11111111111111111111110110100010 - addi sp, sp, -1
  245 - 0000250F - 00000000000000000010010100001111 - sw sp, t3, 0
  246 - 00000521 - 00000000000000000000010100100001 - lw t0, sp, 0
  247 - 00000DA2 - 00000000000000000000110110100010 - addi sp, sp, 1
  248 - 00000842 - 00000000000000000000100001000010 - addi t1, zero, 1
  249 - 00000A0F - 00000000000000000000101000001111 - sw t1, t0, 0
  250 - 00000521 - 00000000000000000000010100100001 - lw t0, sp, 0
  251 - 00000DA2 - 00000000000000000000110110100010 - addi sp, sp, 1
  252 - 00000842 - 00000000000000000000100001000010 - addi t1, zero, 1
  253 - 00000A0F - 00000000000000000000101000001111 - sw t1, t0, 0
  254 - 80000020 - 10000000000000000000000000100000 - lui t0, -8388608
  255 - 00000122 - 00000000000000000000000100100010 - addi t0, t0, 0
  256 - FFFFFDA2 - 11111111111111111111110110100010 - addi sp, sp, -1
  257 - 00000D0F - 00000000000000000000110100001111 - sw sp, t0, 0
  258 - FFFFF022 - 11111111111111111111000000100010 - addi t0, zero, -2
  259 - FFFFFDA2 - 11111111111111111111110110100010 - addi sp, sp, -1
  260 - 00000D0F - 00000000000000000000110100001111 - sw sp, t0, 0
  261 - 00000521 - 00000000000000000000010100100001 - lw t0, sp, 0
  262 - 00000DA2 - 00000000000000000000110110100010 - addi sp, sp, 1
  263 - 00000541 - 00000000000000000000010101000001 - lw t1, sp, 0
  264 - 00000DA2 - 00000000000000000000110110100010 - addi sp, sp, 1
  265 - 00000A66 - 00000000000000000000101001100110 - mul t2, t1, t0
  266 - 00000A87 - 00000000000000000000101010000111 - mulh t3, t1, t0
  267 - FFFFFDA2 - 11111111111111111111110110100010 - addi sp, sp, -1
  268 - 00001D0F - 00000000000000000001110100001111 - sw sp, t2, 0
  269 - FFFFFDA2 - 11111111111111111111110110100010 - addi sp, sp, -1
  270 - 0000250F - 00000000000000000010010100001111 - sw sp, t3, 0
  271 - 00000521 - 00000000000000000000010100100001 - lw t0, sp, 0
  272 - 00000DA2 - 00000000000000000000110110100010 - addi sp, sp, 1
  273 - 00000842 - 00000000000000000000100001000010 - addi t1, zero, 1
  274 - 00000A0F - 00000000000000000000101000001111 - sw t1, t0, 0
  275 - 00000521 - 00000000000000000000010100100001 - lw t0, sp, 0
  276 - 00000DA2 - 00000000000000000000110110100010 - addi sp, sp, 1
  277 - 00000842 - 00000000000000000000100001000010 - addi t1, zero, 1
  278 - 00000A0F - 00000000000000000000101000001111 - sw t1, t0, 0
  279 - 00000016 - 00000000000000000000000000010110 - halt

out_data_hex: |2-
    3 - 00000000 - 00000000000000000000000000000000
    3 - 00000000 - 00000000000000000000000000000000
    5 - 00000000 - 00000000000000000000000000000000
    5 - 00000000 - 00000000000000000000000000000000

out_data: !!binary |
  AAAAAwAAAAAAAAADAAAAAAAAAAUAAAAAAAAABQAAAAA=
