in_source: |-
  #include "stdlib/io.fs"

  str s " Hello World!"
  s print_buffer

in_stdin: |

out_instructions: !!binary |
  AAAAAAAIEQQAAAAB//5jBAAAAAIABGACAAAAAwAAYQMAAAAE//5jBAAAAAUABGACAAAABgACEQQA
  AAAH//5jBAAAAAgABGACAAAACQAAYQMAAAAKAAJjBAAAAAsAAGGDAAAADAACYwQAAAANAAQxBQAA
  AA7//mMEAAAADwAEYAIAAAAQAABhAwAAABEAAmMEAAAAEgAAYYMAAAATAAJjBAAAABT//mMEAAAA
  FQAEYAIAAAAW//5jBAAAABcABmACAAAAGAAAYQMAAAAZAAJjBAAAABoAACEDAAAAG//+YwQAAAAc
  AARgAgAAAB0AAGEDAAAAHgACYwQAAAAfAABhgwAAACAAAmMEAAAAIf/+YwQAAAAiAARgAgAAACP/
  /mMEAAAAJAAGYAIAAAAlAABhAwAAACb//mMEAAAAJwAEYAIAAAAoAABhAwAAACkAAmMEAAAAKgAA
  IQMAAAAr//5jBAAAACwABGACAAAALQAAYQMAAAAuAAJjBAAAAC8AAhGEAAAAMAAEMAIAAAAxAAIR
  BAAAADL//mMEAAAAMwAEYAIAAAA0AABhAwAAADUAAmMEAAAANgAAYYMAAAA3AAJjBAAAADgABDEF
  AAAAOf/+YwQAAAA6AARgAgAAADsAAGEDAAAAPAACYwQAAAA9AABhgwAAAD4AAmMEAAAAP//+YwQA
  AABAAARgAgAAAEH//mMEAAAAQgAGYAIAAABDAAIRBAAAAET//mMEAAAARQAEYAIAAABGAABhAwAA
  AEcAAmMEAAAASAAAYYMAAABJAAJjBAAAAEoABDEHAAAAS//+YwQAAABMAARgAgAAAE0AAGEDAAAA
  Tv/+YwQAAABPAARgAgAAAFAAAGEDAAAAUQACYwQAAABS/4IlkgAAAFMAAmMEAAAAVAACYwQAAABV
  AAAAFwAAA4QABhEEAAADhf/+YwQAAAOGAARgAgAAA4cAABGEAAADiAAAMQMAAAOJ//5jBAAAA4oA
  BGACAAADiwAAYQMAAAOMAAJjBAAAA40AAGGDAAADjgACYwQAAAOPAAQwAgAAA5AABBEEAAADkf/+
  YwQAAAOSAARgAgAAA5MAAhEEAAADlP/+YwQAAAOVAARgAgAAA5YAAGEDAAADlwACYwQAAAOYAABh
  gwAAA5kAAmMEAAADmgAEMAIAAAObAAAAGgAAA5wAAAAY

out_data: !!binary |
  AAAAAgAAAAAAAAADAAAAAAAAAAQAAAAMAAAABQAAAEgAAAAGAAAAZQAAAAcAAABsAAAACAAAAGwA
  AAAJAAAAbwAAAAoAAAAgAAAACwAAAFcAAAAMAAAAbwAAAA0AAAByAAAADgAAAGwAAAAPAAAAZAAA
  ABAAAAAh

out_stdout: |
  source LoC: 4 code instr: 111
  ============================================================
  output_buffer_str:
  Hello World!
  output_buffer_num:
  [72, 101, 108, 108, 111, 32, 87, 111, 114, 108, 100, 33]

out_log: |-
  DEBUG   machine:simulation    STATE: NORMAL	TICK:   0 PC:   0/0 ADDR:   0 MEM_OUT:   0 T0:   0 T1:   0 T2:   0 T3:   0 SP: 1000 	addi t0, zero, 4
  DEBUG   machine:simulation    STATE: NORMAL	TICK:   1 PC:   1/0 ADDR:   0 MEM_OUT:   0 T0:   4 T1:   0 T2:   0 T3:   0 SP: 1000 	addi sp, sp, -1
  DEBUG   machine:simulation    STATE: NORMAL	TICK:   2 PC:   2/0 ADDR:   0 MEM_OUT:   0 T0:   4 T1:   0 T2:   0 T3:   0 SP: 999 	sw t0, sp
  DEBUG   machine:simulation    STATE: NORMAL	TICK:   3 PC:   2/1 ADDR: 999 MEM_OUT:   0 T0:   4 T1:   0 T2:   0 T3:   0 SP: 999 	sw t0, sp
  DEBUG   machine:simulation    STATE: NORMAL	TICK:   4 PC:   3/0 ADDR: 999 MEM_OUT:   4 T0:   4 T1:   0 T2:   0 T3:   0 SP: 999 	lw t0, sp, 0
  DEBUG   machine:simulation    STATE: NORMAL	TICK:   5 PC:   3/1 ADDR: 999 MEM_OUT:   4 T0:   4 T1:   0 T2:   0 T3:   0 SP: 999 	lw t0, sp, 0
  DEBUG   machine:simulation    STATE: NORMAL	TICK:   6 PC:   4/0 ADDR: 999 MEM_OUT:   4 T0:   4 T1:   0 T2:   0 T3:   0 SP: 999 	addi sp, sp, -1
  DEBUG   machine:simulation    STATE: NORMAL	TICK:   7 PC:   5/0 ADDR: 999 MEM_OUT:   4 T0:   4 T1:   0 T2:   0 T3:   0 SP: 998 	sw t0, sp
  DEBUG   machine:simulation    STATE: NORMAL	TICK:   8 PC:   5/1 ADDR: 998 MEM_OUT:   0 T0:   4 T1:   0 T2:   0 T3:   0 SP: 998 	sw t0, sp
  DEBUG   machine:simulation    STATE: NORMAL	TICK:   9 PC:   6/0 ADDR: 998 MEM_OUT:   4 T0:   4 T1:   0 T2:   0 T3:   0 SP: 998 	addi t0, zero, 1
  DEBUG   machine:simulation    STATE: NORMAL	TICK:  10 PC:   7/0 ADDR: 998 MEM_OUT:   4 T0:   1 T1:   0 T2:   0 T3:   0 SP: 998 	addi sp, sp, -1
  DEBUG   machine:simulation    STATE: NORMAL	TICK:  11 PC:   8/0 ADDR: 998 MEM_OUT:   4 T0:   1 T1:   0 T2:   0 T3:   0 SP: 997 	sw t0, sp
  DEBUG   machine:simulation    STATE: NORMAL	TICK:  12 PC:   8/1 ADDR: 997 MEM_OUT:   0 T0:   1 T1:   0 T2:   0 T3:   0 SP: 997 	sw t0, sp
  DEBUG   machine:simulation    STATE: NORMAL	TICK:  13 PC:   9/0 ADDR: 997 MEM_OUT:   1 T0:   1 T1:   0 T2:   0 T3:   0 SP: 997 	lw t0, sp, 0
  DEBUG   machine:simulation    STATE: NORMAL	TICK:  14 PC:   9/1 ADDR: 997 MEM_OUT:   1 T0:   1 T1:   0 T2:   0 T3:   0 SP: 997 	lw t0, sp, 0
  DEBUG   machine:simulation    STATE: NORMAL	TICK:  15 PC:  10/0 ADDR: 997 MEM_OUT:   1 T0:   1 T1:   0 T2:   0 T3:   0 SP: 997 	addi sp, sp, 1
  DEBUG   machine:simulation    STATE: NORMAL	TICK:  16 PC:  11/0 ADDR: 997 MEM_OUT:   1 T0:   1 T1:   0 T2:   0 T3:   0 SP: 998 	lw t1, sp, 0
  DEBUG   machine:simulation    STATE: NORMAL	TICK:  17 PC:  11/1 ADDR: 998 MEM_OUT:   4 T0:   1 T1:   0 T2:   0 T3:   0 SP: 998 	lw t1, sp, 0
  DEBUG   machine:simulation    STATE: NORMAL	TICK:  18 PC:  12/0 ADDR: 998 MEM_OUT:   4 T0:   1 T1:   4 T2:   0 T3:   0 SP: 998 	addi sp, sp, 1
  DEBUG   machine:simulation    STATE: NORMAL	TICK:  19 PC:  13/0 ADDR: 998 MEM_OUT:   4 T0:   1 T1:   4 T2:   0 T3:   0 SP: 999 	add t0, t1, t0
  DEBUG   machine:simulation    STATE: NORMAL	TICK:  20 PC:  14/0 ADDR: 998 MEM_OUT:   4 T0:   5 T1:   4 T2:   0 T3:   0 SP: 999 	addi sp, sp, -1
  DEBUG   machine:simulation    STATE: NORMAL	TICK:  21 PC:  15/0 ADDR: 998 MEM_OUT:   4 T0:   5 T1:   4 T2:   0 T3:   0 SP: 998 	sw t0, sp
  DEBUG   machine:simulation    STATE: NORMAL	TICK:  22 PC:  15/1 ADDR: 998 MEM_OUT:   4 T0:   5 T1:   4 T2:   0 T3:   0 SP: 998 	sw t0, sp
  DEBUG   machine:simulation    STATE: NORMAL	TICK:  23 PC:  16/0 ADDR: 998 MEM_OUT:   5 T0:   5 T1:   4 T2:   0 T3:   0 SP: 998 	lw t0, sp, 0
  DEBUG   machine:simulation    STATE: NORMAL	TICK:  24 PC:  16/1 ADDR: 998 MEM_OUT:   5 T0:   5 T1:   4 T2:   0 T3:   0 SP: 998 	lw t0, sp, 0
  DEBUG   machine:simulation    STATE: NORMAL	TICK:  25 PC:  17/0 ADDR: 998 MEM_OUT:   5 T0:   5 T1:   4 T2:   0 T3:   0 SP: 998 	addi sp, sp, 1
  DEBUG   machine:simulation    STATE: NORMAL	TICK:  26 PC:  18/0 ADDR: 998 MEM_OUT:   5 T0:   5 T1:   4 T2:   0 T3:   0 SP: 999 	lw t1, sp, 0
  DEBUG   machine:simulation    STATE: NORMAL	TICK:  27 PC:  18/1 ADDR: 999 MEM_OUT:   4 T0:   5 T1:   4 T2:   0 T3:   0 SP: 999 	lw t1, sp, 0
  DEBUG   machine:simulation    STATE: NORMAL	TIEOF

out_instructions_hex: |2-
    0 - 00081104 - 00000000000010000001000100000100 - addi t0, zero, 4
    1 - FFFE6304 - 11111111111111100110001100000100 - addi sp, sp, -1
    2 - 00046002 - 00000000000001000110000000000010 - sw t0, sp
    3 - 00006103 - 00000000000000000110000100000011 - lw t0, sp, 0
    4 - FFFE6304 - 11111111111111100110001100000100 - addi sp, sp, -1
    5 - 00046002 - 00000000000001000110000000000010 - sw t0, sp
    6 - 00021104 - 00000000000000100001000100000100 - addi t0, zero, 1
    7 - FFFE6304 - 11111111111111100110001100000100 - addi sp, sp, -1
    8 - 00046002 - 00000000000001000110000000000010 - sw t0, sp
    9 - 00006103 - 00000000000000000110000100000011 - lw t0, sp, 0
   10 - 00026304 - 00000000000000100110001100000100 - addi sp, sp, 1
   11 - 00006183 - 00000000000000000110000110000011 - lw t1, sp, 0
   12 - 00026304 - 00000000000000100110001100000100 - addi sp, sp, 1
   13 - 00043105 - 00000000000001000011000100000101 - add t0, t1, t0
   14 - FFFE6304 - 11111111111111100110001100000100 - addi sp, sp, -1
   15 - 00046002 - 00000000000001000110000000000010 - sw t0, sp
   16 - 00006103 - 00000000000000000110000100000011 - lw t0, sp, 0
   17 - 00026304 - 00000000000000100110001100000100 - addi sp, sp, 1
   18 - 00006183 - 00000000000000000110000110000011 - lw t1, sp, 0
   19 - 00026304 - 00000000000000100110001100000100 - addi sp, sp, 1
   20 - FFFE6304 - 11111111111111100110001100000100 - addi sp, sp, -1
   21 - 00046002 - 00000000000001000110000000000010 - sw t0, sp
   22 - FFFE6304 - 11111111111111100110001100000100 - addi sp, sp, -1
   23 - 00066002 - 00000000000001100110000000000010 - sw t1, sp
   24 - 00006103 - 00000000000000000110000100000011 - lw t0, sp, 0
   25 - 00026304 - 00000000000000100110001100000100 - addi sp, sp, 1
   26 - 00002103 - 00000000000000000010000100000011 - lw t0, t0, 0
   27 - FFFE6304 - 11111111111111100110001100000100 - addi sp, sp, -1
   28 - 00046002 - 00000000000001000110000000000010 - sw t0, sp
   29 - 00006103 - 00000000000000000110000100000011 - lw t0, sp, 0
   30 - 00026304 - 00000000000000100110001100000100 - addi sp, sp, 1
   31 - 00006183 - 00000000000000000110000110000011 - lw t1, sp, 0
   32 - 00026304 - 00000000000000100110001100000100 - addi sp, sp, 1
   33 - FFFE6304 - 11111111111111100110001100000100 - addi sp, sp, -1
   34 - 00046002 - 00000000000001000110000000000010 - sw t0, sp
   35 - FFFE6304 - 11111111111111100110001100000100 - addi sp, sp, -1
   36 - 00066002 - 00000000000001100110000000000010 - sw t1, sp
   37 - 00006103 - 00000000000000000110000100000011 - lw t0, sp, 0
   38 - FFFE6304 - 11111111111111100110001100000100 - addi sp, sp, -1
   39 - 00046002 - 00000000000001000110000000000010 - sw t0, sp
   40 - 00006103 - 00000000000000000110000100000011 - lw t0, sp, 0
   41 - 00026304 - 00000000000000100110001100000100 - addi sp, sp, 1
   42 - 00002103 - 00000000000000000010000100000011 - lw t0, t0, 0
   43 - FFFE6304 - 11111111111111100110001100000100 - addi sp, sp, -1
   44 - 00046002 - 00000000000001000110000000000010 - sw t0, sp
   45 - 00006103 - 00000000000000000110000100000011 - lw t0, sp, 0
   46 - 00026304 - 00000000000000100110001100000100 - addi sp, sp, 1
   47 - 00021184 - 00000000000000100001000110000100 - addi t1, zero, 1
   48 - 00043002 - 00000000000001000011000000000010 - sw t0, t1
   49 - 00021104 - 00000000000000100001000100000100 - addi t0, zero, 1
   50 - FFFE6304 - 11111111111111100110001100000100 - addi sp, sp, -1
   51 - 00046002 - 00000000000001000110000000000010 - sw t0, sp
   52 - 00006103 - 00000000000000000110000100000011 - lw t0, sp, 0
   53 - 00026304 - 00000000000000100110001100000100 - addi sp, sp, 1
   54 - 00006183 - 00000000000000000110000110000011 - lw t1, sp, 0
   55 - 00026304 - 00000000000000100110001100000100 - addi sp, sp, 1
   56 - 00043105 - 00000000000001000011000100000101 - add t0, t1, t0
   57 - FFFE6304 - 11111111111111100110001100000100 - addi sp, sp, -1
   58 - 00046002 - 00000000000001000110000000000010 - sw t0, sp
   59 - 00006103 - 00000000000000000110000100000011 - lw t0, sp, 0
   60 - 00026304 - 00000000000000100110001100000100 - addi sp, sp, 1
   61 - 00006183 - 00000000000000000110000110000011 - lw t1, sp, 0
   62 - 00026304 - 00000000000000100110001100000100 - addi sp, sp, 1
   63 - FFFE6304 - 11111111111111100110001100000100 - addi sp, sp, -1
   64 - 00046002 - 00000000000001000110000000000010 - sw t0, sp
   65 - FFFE6304 - 11111111111111100110001100000100 - addi sp, sp, -1
   66 - 00066002 - 00000000000001100110000000000010 - sw t1, sp
   67 - 00021104 - 00000000000000100001000100000100 - addi t0, zero, 1
   68 - FFFE6304 - 11111111111111100110001100000100 - addi sp, sp, -1
   69 - 00046002 - 00000000000001000110000000000010 - sw t0, sp
   70 - 00006103 - 00000000000000000110000100000011 - lw t0, sp, 0
   71 - 00026304 - 00000000000000100110001100000100 - addi sp, sp, 1
   72 - 00006183 - 00000000000000000110000110000011 - lw t1, sp, 0
   73 - 00026304 - 00000000000000100110001100000100 - addi sp, sp, 1
   74 - 00043107 - 00000000000001000011000100000111 - sub t0, t1, t0
   75 - FFFE6304 - 11111111111111100110001100000100 - addi sp, sp, -1
   76 - 00046002 - 00000000000001000110000000000010 - sw t0, sp
   77 - 00006103 - 00000000000000000110000100000011 - lw t0, sp, 0
   78 - FFFE6304 - 11111111111111100110001100000100 - addi sp, sp, -1
   79 - 00046002 - 00000000000001000110000000000010 - sw t0, sp
   80 - 00006103 - 00000000000000000110000100000011 - lw t0, sp, 0
   81 - 00026304 - 00000000000000100110001100000100 - addi sp, sp, 1
   82 - FF822592 - 11111111100000100010010110010010 - bne t0, zero, -53
   83 - 00026304 - 00000000000000100110001100000100 - addi sp, sp, 1
   84 - 00026304 - 00000000000000100110001100000100 - addi sp, sp, 1
   85 - 00000017 - 00000000000000000000000000010111 - halt
  900 - 00061104 - 00000000000001100001000100000100 - addi t0, zero, 3
  901 - FFFE6304 - 11111111111111100110001100000100 - addi sp, sp, -1
  902 - 00046002 - 00000000000001000110000000000010 - sw t0, sp
  903 - 00001184 - 00000000000000000001000110000100 - addi t1, zero, 0
  904 - 00003103 - 00000000000000000011000100000011 - lw t0, t1, 0
  905 - FFFE6304 - 11111111111111100110001100000100 - addi sp, sp, -1
  906 - 00046002 - 00000000000001000110000000000010 - sw t0, sp
  907 - 00006103 - 00000000000000000110000100000011 - lw t0, sp, 0
  908 - 00026304 - 00000000000000100110001100000100 - addi sp, sp, 1
  909 - 00006183 - 00000000000000000110000110000011 - lw t1, sp, 0
  910 - 00026304 - 00000000000000100110001100000100 - addi sp, sp, 1
  911 - 00043002 - 00000000000001000011000000000010 - sw t0, t1
  912 - 00041104 - 00000000000001000001000100000100 - addi t0, zero, 2
  913 - FFFE6304 - 11111111111111100110001100000100 - addi sp, sp, -1
  914 - 00046002 - 00000000000001000110000000000010 - sw t0, sp
  915 - 00021104 - 00000000000000100001000100000100 - addi t0, zero, 1
  916 - FFFE6304 - 11111111111111100110001100000100 - addi sp, sp, -1
  917 - 00046002 - 00000000000001000110000000000010 - sw t0, sp
  918 - 00006103 - 00000000000000000110000100000011 - lw t0, sp, 0
  919 - 00026304 - 00000000000000100110001100000100 - addi sp, sp, 1
  920 - 00006183 - 00000000000000000110000110000011 - lw t1, sp, 0
  921 - 00026304 - 00000000000000100110001100000100 - addi sp, sp, 1
  922 - 00043002 - 00000000000001000011000000000010 - sw t0, t1
  923 - 0000001A - 00000000000000000000000000011010 - dint
  924 - 00000018 - 00000000000000000000000000011000 - rint

out_data_hex: |2-
    2 - 00000000 - 00000000000000000000000000000000
    3 - 00000000 - 00000000000000000000000000000000
    4 - 0000000C - 00000000000000000000000000001100
    5 - 00000048 - 00000000000000000000000001001000
    6 - 00000065 - 00000000000000000000000001100101
    7 - 0000006C - 00000000000000000000000001101100
    8 - 0000006C - 00000000000000000000000001101100
    9 - 0000006F - 00000000000000000000000001101111
   10 - 00000020 - 00000000000000000000000000100000
   11 - 00000057 - 00000000000000000000000001010111
   12 - 0000006F - 00000000000000000000000001101111
   13 - 00000072 - 00000000000000000000000001110010
   14 - 0000006C - 00000000000000000000000001101100
   15 - 00000064 - 00000000000000000000000001100100
   16 - 00000021 - 00000000000000000000000000100001
